[2021-08-06T15:25:25.830-0900][gc] Using G1
[2021-08-06T15:25:25.837-0900][gc,init] Version: 15.0.2+7 (release)
[2021-08-06T15:25:25.837-0900][gc,init] CPUs: 12 total, 12 available
[2021-08-06T15:25:25.837-0900][gc,init] Memory: 16384M
[2021-08-06T15:25:25.837-0900][gc,init] Large Page Support: Disabled
[2021-08-06T15:25:25.837-0900][gc,init] NUMA Support: Disabled
[2021-08-06T15:25:25.837-0900][gc,init] Compressed Oops: Enabled (Zero based)
[2021-08-06T15:25:25.837-0900][gc,init] Heap Region Size: 1M
[2021-08-06T15:25:25.837-0900][gc,init] Heap Min Capacity: 1G
[2021-08-06T15:25:25.837-0900][gc,init] Heap Initial Capacity: 1G
[2021-08-06T15:25:25.837-0900][gc,init] Heap Max Capacity: 1G
[2021-08-06T15:25:25.837-0900][gc,init] Pre-touch: Disabled
[2021-08-06T15:25:25.837-0900][gc,init] Parallel Workers: 10
[2021-08-06T15:25:25.837-0900][gc,init] Concurrent Workers: 3
[2021-08-06T15:25:25.837-0900][gc,init] Concurrent Refinement Workers: 10
[2021-08-06T15:25:25.837-0900][gc,init] Periodic GC: Disabled
[2021-08-06T15:25:25.837-0900][gc,cds ] Mark closed archive regions in map: [0x00000007fff00000, 0x00000007fff78ff8]
[2021-08-06T15:25:25.837-0900][gc,cds ] Mark open archive regions in map: [0x00000007ffe00000, 0x00000007ffe50ff8]
[2021-08-06T15:25:25.837-0900][gc,metaspace] CDS archive(s) mapped at: [0x0000000800000000-0x0000000800b2f000-0x0000000800b2f000), size 11726848, SharedBaseAddress: 0x0000000800000000, ArchiveRelocationMode: 0.
[2021-08-06T15:25:25.837-0900][gc,metaspace] Compressed class space mapped at: 0x0000000800b30000-0x0000000840b30000, size: 1073741824
[2021-08-06T15:25:25.837-0900][gc,metaspace] Narrow klass base: 0x0000000800000000, Narrow klass shift: 3, Narrow klass range: 0x100000000
[2021-08-06T15:25:31.969-0900][gc,start    ] GC(0) Pause Young (Normal) (G1 Evacuation Pause)
[2021-08-06T15:25:31.970-0900][gc,task     ] GC(0) Using 10 workers of 10 for evacuation
[2021-08-06T15:25:31.974-0900][gc,phases   ] GC(0)   Pre Evacuate Collection Set: 0.1ms
[2021-08-06T15:25:31.974-0900][gc,phases   ] GC(0)   Merge Heap Roots: 0.1ms
[2021-08-06T15:25:31.974-0900][gc,phases   ] GC(0)   Evacuate Collection Set: 3.6ms
[2021-08-06T15:25:31.974-0900][gc,phases   ] GC(0)   Post Evacuate Collection Set: 0.5ms
[2021-08-06T15:25:31.974-0900][gc,phases   ] GC(0)   Other: 0.7ms
[2021-08-06T15:25:31.974-0900][gc,heap     ] GC(0) Eden regions: 51->0(44)
[2021-08-06T15:25:31.974-0900][gc,heap     ] GC(0) Survivor regions: 0->7(7)
[2021-08-06T15:25:31.974-0900][gc,heap     ] GC(0) Old regions: 0->0
[2021-08-06T15:25:31.974-0900][gc,heap     ] GC(0) Archive regions: 2->2
[2021-08-06T15:25:31.974-0900][gc,heap     ] GC(0) Humongous regions: 0->0
[2021-08-06T15:25:31.974-0900][gc,metaspace] GC(0) Metaspace: 18986K(19584K)->18986K(19584K) NonClass: 16706K(17152K)->16706K(17152K) Class: 2280K(2432K)->2280K(2432K)
[2021-08-06T15:25:31.975-0900][gc          ] GC(0) Pause Young (Normal) (G1 Evacuation Pause) 51M->7M(1024M) 5.091ms
[2021-08-06T15:25:31.975-0900][gc,cpu      ] GC(0) User=0.03s Sys=0.01s Real=0.01s
[2021-08-06T15:25:32.057-0900][gc,start    ] GC(1) Pause Young (Concurrent Start) (Metadata GC Threshold)
[2021-08-06T15:25:32.057-0900][gc,task     ] GC(1) Using 10 workers of 10 for evacuation
[2021-08-06T15:25:32.063-0900][gc,phases   ] GC(1)   Pre Evacuate Collection Set: 0.1ms
[2021-08-06T15:25:32.063-0900][gc,phases   ] GC(1)   Merge Heap Roots: 0.0ms
[2021-08-06T15:25:32.063-0900][gc,phases   ] GC(1)   Evacuate Collection Set: 5.1ms
[2021-08-06T15:25:32.063-0900][gc,phases   ] GC(1)   Post Evacuate Collection Set: 0.3ms
[2021-08-06T15:25:32.063-0900][gc,phases   ] GC(1)   Other: 0.2ms
[2021-08-06T15:25:32.063-0900][gc,heap     ] GC(1) Eden regions: 7->0(50)
[2021-08-06T15:25:32.063-0900][gc,heap     ] GC(1) Survivor regions: 7->1(7)
[2021-08-06T15:25:32.063-0900][gc,heap     ] GC(1) Old regions: 0->7
[2021-08-06T15:25:32.063-0900][gc,heap     ] GC(1) Archive regions: 2->2
[2021-08-06T15:25:32.063-0900][gc,heap     ] GC(1) Humongous regions: 0->0
[2021-08-06T15:25:32.063-0900][gc,metaspace] GC(1) Metaspace: 20636K(21248K)->20636K(21248K) NonClass: 18162K(18688K)->18162K(18688K) Class: 2474K(2560K)->2474K(2560K)
[2021-08-06T15:25:32.063-0900][gc          ] GC(1) Pause Young (Concurrent Start) (Metadata GC Threshold) 14M->8M(1024M) 5.918ms
[2021-08-06T15:25:32.063-0900][gc,cpu      ] GC(1) User=0.03s Sys=0.02s Real=0.01s
[2021-08-06T15:25:32.063-0900][gc          ] GC(2) Concurrent Cycle
[2021-08-06T15:25:32.063-0900][gc,marking  ] GC(2) Concurrent Clear Claimed Marks
[2021-08-06T15:25:32.063-0900][gc,marking  ] GC(2) Concurrent Clear Claimed Marks 0.017ms
[2021-08-06T15:25:32.063-0900][gc,marking  ] GC(2) Concurrent Scan Root Regions
[2021-08-06T15:25:32.065-0900][gc,marking  ] GC(2) Concurrent Scan Root Regions 1.560ms
[2021-08-06T15:25:32.065-0900][gc,marking  ] GC(2) Concurrent Mark (6.243s)
[2021-08-06T15:25:32.065-0900][gc,marking  ] GC(2) Concurrent Mark From Roots
[2021-08-06T15:25:32.065-0900][gc,task     ] GC(2) Using 3 workers of 3 for marking
[2021-08-06T15:25:32.066-0900][gc,marking  ] GC(2) Concurrent Mark From Roots 0.878ms
[2021-08-06T15:25:32.066-0900][gc,marking  ] GC(2) Concurrent Preclean
[2021-08-06T15:25:32.066-0900][gc,marking  ] GC(2) Concurrent Preclean 0.033ms
[2021-08-06T15:25:32.066-0900][gc,marking  ] GC(2) Concurrent Mark (6.243s, 6.244s) 0.956ms
[2021-08-06T15:25:32.066-0900][gc,start    ] GC(2) Pause Remark
[2021-08-06T15:25:32.066-0900][gc          ] GC(2) Pause Remark 9M->9M(1024M) 0.619ms
[2021-08-06T15:25:32.066-0900][gc,cpu      ] GC(2) User=0.00s Sys=0.00s Real=0.00s
[2021-08-06T15:25:32.066-0900][gc,marking  ] GC(2) Concurrent Rebuild Remembered Sets
[2021-08-06T15:25:32.068-0900][gc,marking  ] GC(2) Concurrent Rebuild Remembered Sets 1.495ms
[2021-08-06T15:25:32.068-0900][gc,start    ] GC(2) Pause Cleanup
[2021-08-06T15:25:32.068-0900][gc          ] GC(2) Pause Cleanup 9M->9M(1024M) 0.084ms
[2021-08-06T15:25:32.068-0900][gc,cpu      ] GC(2) User=0.00s Sys=0.00s Real=0.00s
[2021-08-06T15:25:32.068-0900][gc,marking  ] GC(2) Concurrent Cleanup for Next Mark
[2021-08-06T15:25:32.073-0900][gc,marking  ] GC(2) Concurrent Cleanup for Next Mark 4.540ms
[2021-08-06T15:25:32.073-0900][gc          ] GC(2) Concurrent Cycle 9.991ms
[2021-08-06T15:25:32.890-0900][gc,start    ] GC(3) Pause Young (Normal) (G1 Evacuation Pause)
[2021-08-06T15:25:32.891-0900][gc,task     ] GC(3) Using 10 workers of 10 for evacuation
[2021-08-06T15:25:32.893-0900][gc,phases   ] GC(3)   Pre Evacuate Collection Set: 0.1ms
[2021-08-06T15:25:32.893-0900][gc,phases   ] GC(3)   Merge Heap Roots: 0.1ms
[2021-08-06T15:25:32.893-0900][gc,phases   ] GC(3)   Evacuate Collection Set: 1.8ms
[2021-08-06T15:25:32.893-0900][gc,phases   ] GC(3)   Post Evacuate Collection Set: 0.4ms
[2021-08-06T15:25:32.893-0900][gc,phases   ] GC(3)   Other: 0.1ms
[2021-08-06T15:25:32.893-0900][gc,heap     ] GC(3) Eden regions: 50->0(46)
[2021-08-06T15:25:32.893-0900][gc,heap     ] GC(3) Survivor regions: 1->5(7)
[2021-08-06T15:25:32.893-0900][gc,heap     ] GC(3) Old regions: 7->7
[2021-08-06T15:25:32.893-0900][gc,heap     ] GC(3) Archive regions: 2->2
[2021-08-06T15:25:32.893-0900][gc,heap     ] GC(3) Humongous regions: 129->129
[2021-08-06T15:25:32.893-0900][gc,metaspace] GC(3) Metaspace: 29465K(30336K)->29465K(30336K) NonClass: 26131K(26880K)->26131K(26880K) Class: 3333K(3456K)->3333K(3456K)
[2021-08-06T15:25:32.893-0900][gc          ] GC(3) Pause Young (Normal) (G1 Evacuation Pause) 187M->140M(1024M) 2.628ms
[2021-08-06T15:25:32.893-0900][gc,cpu      ] GC(3) User=0.02s Sys=0.00s Real=0.00s
[2021-08-06T15:25:33.167-0900][gc,start    ] GC(4) Pause Young (Concurrent Start) (Metadata GC Threshold)
[2021-08-06T15:25:33.167-0900][gc,task     ] GC(4) Using 10 workers of 10 for evacuation
[2021-08-06T15:25:33.172-0900][gc,phases   ] GC(4)   Pre Evacuate Collection Set: 0.1ms
[2021-08-06T15:25:33.172-0900][gc,phases   ] GC(4)   Merge Heap Roots: 0.1ms
[2021-08-06T15:25:33.172-0900][gc,phases   ] GC(4)   Evacuate Collection Set: 4.2ms
[2021-08-06T15:25:33.172-0900][gc,phases   ] GC(4)   Post Evacuate Collection Set: 0.4ms
[2021-08-06T15:25:33.172-0900][gc,phases   ] GC(4)   Other: 0.2ms
[2021-08-06T15:25:33.172-0900][gc,heap     ] GC(4) Eden regions: 24->0(48)
[2021-08-06T15:25:33.172-0900][gc,heap     ] GC(4) Survivor regions: 5->3(7)
[2021-08-06T15:25:33.172-0900][gc,heap     ] GC(4) Old regions: 7->12
[2021-08-06T15:25:33.172-0900][gc,heap     ] GC(4) Archive regions: 2->2
[2021-08-06T15:25:33.172-0900][gc,heap     ] GC(4) Humongous regions: 129->129
[2021-08-06T15:25:33.172-0900][gc,metaspace] GC(4) Metaspace: 34848K(35840K)->34848K(35840K) NonClass: 31019K(31872K)->31019K(31872K) Class: 3829K(3968K)->3829K(3968K)
[2021-08-06T15:25:33.172-0900][gc          ] GC(4) Pause Young (Concurrent Start) (Metadata GC Threshold) 164M->143M(1024M) 5.106ms
[2021-08-06T15:25:33.172-0900][gc,cpu      ] GC(4) User=0.04s Sys=0.01s Real=0.01s
[2021-08-06T15:25:33.172-0900][gc          ] GC(5) Concurrent Cycle
[2021-08-06T15:25:33.173-0900][gc,marking  ] GC(5) Concurrent Clear Claimed Marks
[2021-08-06T15:25:33.173-0900][gc,marking  ] GC(5) Concurrent Clear Claimed Marks 0.026ms
[2021-08-06T15:25:33.173-0900][gc,marking  ] GC(5) Concurrent Scan Root Regions
[2021-08-06T15:25:33.175-0900][gc,marking  ] GC(5) Concurrent Scan Root Regions 2.491ms
[2021-08-06T15:25:33.175-0900][gc,marking  ] GC(5) Concurrent Mark (7.353s)
[2021-08-06T15:25:33.175-0900][gc,marking  ] GC(5) Concurrent Mark From Roots
[2021-08-06T15:25:33.175-0900][gc,task     ] GC(5) Using 3 workers of 3 for marking
[2021-08-06T15:25:33.180-0900][gc,marking  ] GC(5) Concurrent Mark From Roots 4.837ms
[2021-08-06T15:25:33.180-0900][gc,marking  ] GC(5) Concurrent Preclean
[2021-08-06T15:25:33.180-0900][gc,marking  ] GC(5) Concurrent Preclean 0.080ms
[2021-08-06T15:25:33.180-0900][gc,marking  ] GC(5) Concurrent Mark (7.353s, 7.358s) 4.983ms
[2021-08-06T15:25:33.180-0900][gc,start    ] GC(5) Pause Remark
[2021-08-06T15:25:33.181-0900][gc          ] GC(5) Pause Remark 144M->144M(1024M) 1.023ms
[2021-08-06T15:25:33.181-0900][gc,cpu      ] GC(5) User=0.01s Sys=0.00s Real=0.00s
[2021-08-06T15:25:33.181-0900][gc,marking  ] GC(5) Concurrent Rebuild Remembered Sets
[2021-08-06T15:25:33.186-0900][gc,marking  ] GC(5) Concurrent Rebuild Remembered Sets 4.522ms
[2021-08-06T15:25:33.186-0900][gc,start    ] GC(5) Pause Cleanup
[2021-08-06T15:25:33.186-0900][gc          ] GC(5) Pause Cleanup 144M->144M(1024M) 0.157ms
[2021-08-06T15:25:33.186-0900][gc,cpu      ] GC(5) User=0.00s Sys=0.00s Real=0.00s
[2021-08-06T15:25:33.186-0900][gc,marking  ] GC(5) Concurrent Cleanup for Next Mark
[2021-08-06T15:25:33.192-0900][gc,marking  ] GC(5) Concurrent Cleanup for Next Mark 5.638ms
[2021-08-06T15:25:33.192-0900][gc          ] GC(5) Concurrent Cycle 19.616ms
[2021-08-06T15:26:32.090-0900][gc,start    ] GC(6) Pause Young (Normal) (G1 Evacuation Pause)
[2021-08-06T15:26:32.091-0900][gc,task     ] GC(6) Using 10 workers of 10 for evacuation
[2021-08-06T15:26:32.094-0900][gc,phases   ] GC(6)   Pre Evacuate Collection Set: 0.1ms
[2021-08-06T15:26:32.094-0900][gc,phases   ] GC(6)   Merge Heap Roots: 0.1ms
[2021-08-06T15:26:32.094-0900][gc,phases   ] GC(6)   Evacuate Collection Set: 2.5ms
[2021-08-06T15:26:32.094-0900][gc,phases   ] GC(6)   Post Evacuate Collection Set: 0.6ms
[2021-08-06T15:26:32.094-0900][gc,phases   ] GC(6)   Other: 0.5ms
[2021-08-06T15:26:32.094-0900][gc,heap     ] GC(6) Eden regions: 48->0(45)
[2021-08-06T15:26:32.094-0900][gc,heap     ] GC(6) Survivor regions: 3->6(7)
[2021-08-06T15:26:32.094-0900][gc,heap     ] GC(6) Old regions: 12->12
[2021-08-06T15:26:32.094-0900][gc,heap     ] GC(6) Archive regions: 2->2
[2021-08-06T15:26:32.094-0900][gc,heap     ] GC(6) Humongous regions: 231->129
[2021-08-06T15:26:32.094-0900][gc,metaspace] GC(6) Metaspace: 40658K(41676K)->40658K(41676K) NonClass: 35886K(36608K)->35886K(36608K) Class: 4772K(5068K)->4772K(5068K)
[2021-08-06T15:26:32.094-0900][gc          ] GC(6) Pause Young (Normal) (G1 Evacuation Pause) 293M->146M(1024M) 3.942ms
[2021-08-06T15:26:32.094-0900][gc,cpu      ] GC(6) User=0.03s Sys=0.00s Real=0.00s
[2021-08-06T15:28:53.355-0900][gc,start    ] GC(7) Pause Young (Normal) (G1 Evacuation Pause)
[2021-08-06T15:28:53.356-0900][gc,task     ] GC(7) Using 10 workers of 10 for evacuation
[2021-08-06T15:28:53.362-0900][gc,phases   ] GC(7)   Pre Evacuate Collection Set: 0.2ms
[2021-08-06T15:28:53.362-0900][gc,phases   ] GC(7)   Merge Heap Roots: 0.1ms
[2021-08-06T15:28:53.362-0900][gc,phases   ] GC(7)   Evacuate Collection Set: 4.7ms
[2021-08-06T15:28:53.362-0900][gc,phases   ] GC(7)   Post Evacuate Collection Set: 0.5ms
[2021-08-06T15:28:53.362-0900][gc,phases   ] GC(7)   Other: 1.3ms
[2021-08-06T15:28:53.362-0900][gc,heap     ] GC(7) Eden regions: 45->0(45)
[2021-08-06T15:28:53.362-0900][gc,heap     ] GC(7) Survivor regions: 6->6(7)
[2021-08-06T15:28:53.362-0900][gc,heap     ] GC(7) Old regions: 12->14
[2021-08-06T15:28:53.362-0900][gc,heap     ] GC(7) Archive regions: 2->2
[2021-08-06T15:28:53.362-0900][gc,heap     ] GC(7) Humongous regions: 129->129
[2021-08-06T15:28:53.362-0900][gc,metaspace] GC(7) Metaspace: 41149K(42188K)->41149K(42188K) NonClass: 36359K(37120K)->36359K(37120K) Class: 4789K(5068K)->4789K(5068K)
[2021-08-06T15:28:53.362-0900][gc          ] GC(7) Pause Young (Normal) (G1 Evacuation Pause) 191M->148M(1024M) 6.933ms
[2021-08-06T15:28:53.362-0900][gc,cpu      ] GC(7) User=0.05s Sys=0.00s Real=0.01s
[2021-08-06T15:31:25.530-0900][gc,start    ] GC(8) Pause Young (Normal) (G1 Evacuation Pause)
[2021-08-06T15:31:25.531-0900][gc,task     ] GC(8) Using 10 workers of 10 for evacuation
[2021-08-06T15:31:25.535-0900][gc,phases   ] GC(8)   Pre Evacuate Collection Set: 0.2ms
[2021-08-06T15:31:25.535-0900][gc,phases   ] GC(8)   Merge Heap Roots: 0.1ms
[2021-08-06T15:31:25.535-0900][gc,phases   ] GC(8)   Evacuate Collection Set: 3.8ms
[2021-08-06T15:31:25.535-0900][gc,phases   ] GC(8)   Post Evacuate Collection Set: 0.4ms
[2021-08-06T15:31:25.535-0900][gc,phases   ] GC(8)   Other: 1.1ms
[2021-08-06T15:31:25.535-0900][gc,heap     ] GC(8) Eden regions: 45->0(63)
[2021-08-06T15:31:25.535-0900][gc,heap     ] GC(8) Survivor regions: 6->3(7)
[2021-08-06T15:31:25.535-0900][gc,heap     ] GC(8) Old regions: 14->16
[2021-08-06T15:31:25.535-0900][gc,heap     ] GC(8) Archive regions: 2->2
[2021-08-06T15:31:25.535-0900][gc,heap     ] GC(8) Humongous regions: 129->129
[2021-08-06T15:31:25.535-0900][gc,metaspace] GC(8) Metaspace: 41234K(42444K)->41234K(42444K) NonClass: 36443K(37376K)->36443K(37376K) Class: 4791K(5068K)->4791K(5068K)
[2021-08-06T15:31:25.535-0900][gc          ] GC(8) Pause Young (Normal) (G1 Evacuation Pause) 193M->148M(1024M) 5.831ms
[2021-08-06T15:31:25.535-0900][gc,cpu      ] GC(8) User=0.04s Sys=0.01s Real=0.00s
[2021-08-06T15:35:01.923-0900][gc,start    ] GC(9) Pause Young (Normal) (G1 Evacuation Pause)
[2021-08-06T15:35:01.923-0900][gc,task     ] GC(9) Using 10 workers of 10 for evacuation
[2021-08-06T15:35:01.927-0900][gc,phases   ] GC(9)   Pre Evacuate Collection Set: 0.1ms
[2021-08-06T15:35:01.927-0900][gc,phases   ] GC(9)   Merge Heap Roots: 0.0ms
[2021-08-06T15:35:01.927-0900][gc,phases   ] GC(9)   Evacuate Collection Set: 2.9ms
[2021-08-06T15:35:01.927-0900][gc,phases   ] GC(9)   Post Evacuate Collection Set: 0.2ms
[2021-08-06T15:35:01.927-0900][gc,phases   ] GC(9)   Other: 0.9ms
[2021-08-06T15:35:01.927-0900][gc,heap     ] GC(9) Eden regions: 63->0(75)
[2021-08-06T15:35:01.927-0900][gc,heap     ] GC(9) Survivor regions: 3->5(9)
[2021-08-06T15:35:01.927-0900][gc,heap     ] GC(9) Old regions: 16->16
[2021-08-06T15:35:01.927-0900][gc,heap     ] GC(9) Archive regions: 2->2
[2021-08-06T15:35:01.927-0900][gc,heap     ] GC(9) Humongous regions: 129->129
[2021-08-06T15:35:01.927-0900][gc,metaspace] GC(9) Metaspace: 41424K(42444K)->41424K(42444K) NonClass: 36607K(37376K)->36607K(37376K) Class: 4817K(5068K)->4817K(5068K)
[2021-08-06T15:35:01.927-0900][gc          ] GC(9) Pause Young (Normal) (G1 Evacuation Pause) 211M->150M(1024M) 4.397ms
[2021-08-06T15:35:01.927-0900][gc,cpu      ] GC(9) User=0.03s Sys=0.01s Real=0.00s
[2021-08-06T15:39:02.132-0900][gc,start    ] GC(10) Pause Young (Normal) (G1 Evacuation Pause)
[2021-08-06T15:39:02.133-0900][gc,task     ] GC(10) Using 10 workers of 10 for evacuation
[2021-08-06T15:39:02.140-0900][gc,phases   ] GC(10)   Pre Evacuate Collection Set: 0.2ms
[2021-08-06T15:39:02.140-0900][gc,phases   ] GC(10)   Merge Heap Roots: 0.1ms
[2021-08-06T15:39:02.140-0900][gc,phases   ] GC(10)   Evacuate Collection Set: 6.9ms
[2021-08-06T15:39:02.140-0900][gc,phases   ] GC(10)   Post Evacuate Collection Set: 0.3ms
[2021-08-06T15:39:02.140-0900][gc,phases   ] GC(10)   Other: 1.1ms
[2021-08-06T15:39:02.140-0900][gc,heap     ] GC(10) Eden regions: 75->0(63)
[2021-08-06T15:39:02.140-0900][gc,heap     ] GC(10) Survivor regions: 5->10(10)
[2021-08-06T15:39:02.140-0900][gc,heap     ] GC(10) Old regions: 16->16
[2021-08-06T15:39:02.140-0900][gc,heap     ] GC(10) Archive regions: 2->2
[2021-08-06T15:39:02.140-0900][gc,heap     ] GC(10) Humongous regions: 129->129
[2021-08-06T15:39:02.140-0900][gc,metaspace] GC(10) Metaspace: 41532K(42700K)->41532K(42700K) NonClass: 36695K(37632K)->36695K(37632K) Class: 4837K(5068K)->4837K(5068K)
[2021-08-06T15:39:02.140-0900][gc          ] GC(10) Pause Young (Normal) (G1 Evacuation Pause) 225M->155M(1024M) 8.784ms
[2021-08-06T15:39:02.141-0900][gc,cpu      ] GC(10) User=0.06s Sys=0.01s Real=0.01s
[2021-08-06T15:42:25.137-0900][gc,start    ] GC(11) Pause Young (Normal) (G1 Evacuation Pause)
[2021-08-06T15:42:25.138-0900][gc,task     ] GC(11) Using 10 workers of 10 for evacuation
[2021-08-06T15:42:25.149-0900][gc,phases   ] GC(11)   Pre Evacuate Collection Set: 0.2ms
[2021-08-06T15:42:25.149-0900][gc,phases   ] GC(11)   Merge Heap Roots: 0.1ms
[2021-08-06T15:42:25.149-0900][gc,phases   ] GC(11)   Evacuate Collection Set: 9.7ms
[2021-08-06T15:42:25.149-0900][gc,phases   ] GC(11)   Post Evacuate Collection Set: 0.3ms
[2021-08-06T15:42:25.149-0900][gc,phases   ] GC(11)   Other: 1.2ms
[2021-08-06T15:42:25.149-0900][gc,heap     ] GC(11) Eden regions: 63->0(90)
[2021-08-06T15:42:25.149-0900][gc,heap     ] GC(11) Survivor regions: 10->6(10)
[2021-08-06T15:42:25.149-0900][gc,heap     ] GC(11) Old regions: 16->25
[2021-08-06T15:42:25.149-0900][gc,heap     ] GC(11) Archive regions: 2->2
[2021-08-06T15:42:25.149-0900][gc,heap     ] GC(11) Humongous regions: 129->129
[2021-08-06T15:42:25.149-0900][gc,metaspace] GC(11) Metaspace: 41546K(42700K)->41546K(42700K) NonClass: 36709K(37632K)->36709K(37632K) Class: 4837K(5068K)->4837K(5068K)
[2021-08-06T15:42:25.149-0900][gc          ] GC(11) Pause Young (Normal) (G1 Evacuation Pause) 218M->159M(1024M) 11.679ms
[2021-08-06T15:42:25.149-0900][gc,cpu      ] GC(11) User=0.08s Sys=0.02s Real=0.01s
[2021-08-06T15:47:09.114-0900][gc,start    ] GC(12) Pause Young (Normal) (G1 Evacuation Pause)
[2021-08-06T15:47:09.115-0900][gc,task     ] GC(12) Using 10 workers of 10 for evacuation
[2021-08-06T15:47:09.125-0900][gc,phases   ] GC(12)   Pre Evacuate Collection Set: 0.2ms
[2021-08-06T15:47:09.125-0900][gc,phases   ] GC(12)   Merge Heap Roots: 0.2ms
[2021-08-06T15:47:09.125-0900][gc,phases   ] GC(12)   Evacuate Collection Set: 8.3ms
[2021-08-06T15:47:09.125-0900][gc,phases   ] GC(12)   Post Evacuate Collection Set: 0.3ms
[2021-08-06T15:47:09.125-0900][gc,phases   ] GC(12)   Other: 1.3ms
[2021-08-06T15:47:09.125-0900][gc,heap     ] GC(12) Eden regions: 88->0(62)
[2021-08-06T15:47:09.125-0900][gc,heap     ] GC(12) Survivor regions: 6->11(12)
[2021-08-06T15:47:09.125-0900][gc,heap     ] GC(12) Old regions: 25->25
[2021-08-06T15:47:09.125-0900][gc,heap     ] GC(12) Archive regions: 2->2
[2021-08-06T15:47:09.125-0900][gc,heap     ] GC(12) Humongous regions: 129->129
[2021-08-06T15:47:09.125-0900][gc,metaspace] GC(12) Metaspace: 41602K(42700K)->41602K(42700K) NonClass: 36764K(37632K)->36764K(37632K) Class: 4837K(5068K)->4837K(5068K)
[2021-08-06T15:47:09.125-0900][gc          ] GC(12) Pause Young (Normal) (G1 Evacuation Pause) 247M->164M(1024M) 10.493ms
[2021-08-06T15:47:09.125-0900][gc,cpu      ] GC(12) User=0.06s Sys=0.02s Real=0.01s
[2021-08-06T15:50:26.107-0900][gc,start    ] GC(13) Pause Young (Normal) (G1 Evacuation Pause)
[2021-08-06T15:50:26.107-0900][gc,task     ] GC(13) Using 10 workers of 10 for evacuation
[2021-08-06T15:50:26.117-0900][gc,phases   ] GC(13)   Pre Evacuate Collection Set: 0.1ms
[2021-08-06T15:50:26.117-0900][gc,phases   ] GC(13)   Merge Heap Roots: 0.1ms
[2021-08-06T15:50:26.117-0900][gc,phases   ] GC(13)   Evacuate Collection Set: 8.7ms
[2021-08-06T15:50:26.117-0900][gc,phases   ] GC(13)   Post Evacuate Collection Set: 0.3ms
[2021-08-06T15:50:26.117-0900][gc,phases   ] GC(13)   Other: 0.6ms
[2021-08-06T15:50:26.117-0900][gc,heap     ] GC(13) Eden regions: 61->0(96)
[2021-08-06T15:50:26.117-0900][gc,heap     ] GC(13) Survivor regions: 11->7(9)
[2021-08-06T15:50:26.117-0900][gc,heap     ] GC(13) Old regions: 25->35
[2021-08-06T15:50:26.117-0900][gc,heap     ] GC(13) Archive regions: 2->2
[2021-08-06T15:50:26.117-0900][gc,heap     ] GC(13) Humongous regions: 129->129
[2021-08-06T15:50:26.117-0900][gc,metaspace] GC(13) Metaspace: 41624K(42700K)->41624K(42700K) NonClass: 36786K(37632K)->36786K(37632K) Class: 4837K(5068K)->4837K(5068K)
[2021-08-06T15:50:26.117-0900][gc          ] GC(13) Pause Young (Normal) (G1 Evacuation Pause) 225M->170M(1024M) 9.978ms
[2021-08-06T15:50:26.117-0900][gc,cpu      ] GC(13) User=0.07s Sys=0.01s Real=0.01s
[2021-08-06T15:55:35.707-0900][gc,start    ] GC(14) Pause Young (Normal) (G1 Evacuation Pause)
[2021-08-06T15:55:35.708-0900][gc,task     ] GC(14) Using 10 workers of 10 for evacuation
[2021-08-06T15:55:35.717-0900][gc,phases   ] GC(14)   Pre Evacuate Collection Set: 0.2ms
[2021-08-06T15:55:35.717-0900][gc,phases   ] GC(14)   Merge Heap Roots: 0.1ms
[2021-08-06T15:55:35.717-0900][gc,phases   ] GC(14)   Evacuate Collection Set: 8.0ms
[2021-08-06T15:55:35.717-0900][gc,phases   ] GC(14)   Post Evacuate Collection Set: 0.3ms
[2021-08-06T15:55:35.717-0900][gc,phases   ] GC(14)   Other: 1.0ms
[2021-08-06T15:55:35.717-0900][gc,heap     ] GC(14) Eden regions: 96->0(86)
[2021-08-06T15:55:35.717-0900][gc,heap     ] GC(14) Survivor regions: 7->12(13)
[2021-08-06T15:55:35.717-0900][gc,heap     ] GC(14) Old regions: 35->35
[2021-08-06T15:55:35.717-0900][gc,heap     ] GC(14) Archive regions: 2->2
[2021-08-06T15:55:35.717-0900][gc,heap     ] GC(14) Humongous regions: 129->129
[2021-08-06T15:55:35.717-0900][gc,metaspace] GC(14) Metaspace: 41663K(42700K)->41663K(42700K) NonClass: 36826K(37632K)->36826K(37632K) Class: 4837K(5068K)->4837K(5068K)
[2021-08-06T15:55:35.717-0900][gc          ] GC(14) Pause Young (Normal) (G1 Evacuation Pause) 266M->175M(1024M) 9.757ms
[2021-08-06T15:55:35.717-0900][gc,cpu      ] GC(14) User=0.07s Sys=0.01s Real=0.01s
[2021-08-06T16:00:13.066-0900][gc,start    ] GC(15) Pause Young (Normal) (G1 Evacuation Pause)
[2021-08-06T16:00:13.066-0900][gc,task     ] GC(15) Using 10 workers of 10 for evacuation
[2021-08-06T16:00:13.074-0900][gc,phases   ] GC(15)   Pre Evacuate Collection Set: 0.1ms
[2021-08-06T16:00:13.074-0900][gc,phases   ] GC(15)   Merge Heap Roots: 0.1ms
[2021-08-06T16:00:13.074-0900][gc,phases   ] GC(15)   Evacuate Collection Set: 7.9ms
[2021-08-06T16:00:13.074-0900][gc,phases   ] GC(15)   Post Evacuate Collection Set: 0.2ms
[2021-08-06T16:00:13.074-0900][gc,phases   ] GC(15)   Other: 0.4ms
[2021-08-06T16:00:13.074-0900][gc,heap     ] GC(15) Eden regions: 86->0(119)
[2021-08-06T16:00:13.074-0900][gc,heap     ] GC(15) Survivor regions: 12->8(13)
[2021-08-06T16:00:13.074-0900][gc,heap     ] GC(15) Old regions: 35->45
[2021-08-06T16:00:13.074-0900][gc,heap     ] GC(15) Archive regions: 2->2
[2021-08-06T16:00:13.075-0900][gc,heap     ] GC(15) Humongous regions: 129->129
[2021-08-06T16:00:13.075-0900][gc,metaspace] GC(15) Metaspace: 41687K(42700K)->41687K(42700K) NonClass: 36849K(37632K)->36849K(37632K) Class: 4837K(5068K)->4837K(5068K)
[2021-08-06T16:00:13.075-0900][gc          ] GC(15) Pause Young (Normal) (G1 Evacuation Pause) 261M->181M(1024M) 8.800ms
[2021-08-06T16:00:13.075-0900][gc,cpu      ] GC(15) User=0.05s Sys=0.01s Real=0.01s
[2021-08-06T16:06:37.838-0900][gc,start    ] GC(16) Pause Young (Normal) (G1 Evacuation Pause)
[2021-08-06T16:06:37.839-0900][gc,task     ] GC(16) Using 10 workers of 10 for evacuation
[2021-08-06T16:06:37.851-0900][gc,phases   ] GC(16)   Pre Evacuate Collection Set: 0.9ms
[2021-08-06T16:06:37.851-0900][gc,phases   ] GC(16)   Merge Heap Roots: 0.2ms
[2021-08-06T16:06:37.851-0900][gc,phases   ] GC(16)   Evacuate Collection Set: 9.9ms
[2021-08-06T16:06:37.851-0900][gc,phases   ] GC(16)   Post Evacuate Collection Set: 0.6ms
[2021-08-06T16:06:37.851-0900][gc,phases   ] GC(16)   Other: 1.1ms
[2021-08-06T16:06:37.851-0900][gc,heap     ] GC(16) Eden regions: 119->0(109)
[2021-08-06T16:06:37.851-0900][gc,heap     ] GC(16) Survivor regions: 8->16(16)
[2021-08-06T16:06:37.851-0900][gc,heap     ] GC(16) Old regions: 45->45
[2021-08-06T16:06:37.851-0900][gc,heap     ] GC(16) Archive regions: 2->2
[2021-08-06T16:06:37.851-0900][gc,heap     ] GC(16) Humongous regions: 129->129
[2021-08-06T16:06:37.851-0900][gc,metaspace] GC(16) Metaspace: 41704K(42700K)->41704K(42700K) NonClass: 36867K(37632K)->36867K(37632K) Class: 4837K(5068K)->4837K(5068K)
[2021-08-06T16:06:37.851-0900][gc          ] GC(16) Pause Young (Normal) (G1 Evacuation Pause) 300M->190M(1024M) 12.785ms
[2021-08-06T16:06:37.851-0900][gc,cpu      ] GC(16) User=0.08s Sys=0.03s Real=0.02s
[2021-08-06T16:12:33.242-0900][gc,start    ] GC(17) Pause Young (Normal) (G1 Evacuation Pause)
[2021-08-06T16:12:33.243-0900][gc,task     ] GC(17) Using 10 workers of 10 for evacuation
[2021-08-06T16:12:33.257-0900][gc,phases   ] GC(17)   Pre Evacuate Collection Set: 0.3ms
[2021-08-06T16:12:33.257-0900][gc,phases   ] GC(17)   Merge Heap Roots: 0.2ms
[2021-08-06T16:12:33.257-0900][gc,phases   ] GC(17)   Evacuate Collection Set: 13.3ms
[2021-08-06T16:12:33.257-0900][gc,phases   ] GC(17)   Post Evacuate Collection Set: 0.4ms
[2021-08-06T16:12:33.257-0900][gc,phases   ] GC(17)   Other: 1.1ms
[2021-08-06T16:12:33.257-0900][gc,heap     ] GC(17) Eden regions: 109->0(131)
[2021-08-06T16:12:33.257-0900][gc,heap     ] GC(17) Survivor regions: 16->10(16)
[2021-08-06T16:12:33.257-0900][gc,heap     ] GC(17) Old regions: 45->60
[2021-08-06T16:12:33.257-0900][gc,heap     ] GC(17) Archive regions: 2->2
[2021-08-06T16:12:33.257-0900][gc,heap     ] GC(17) Humongous regions: 129->129
[2021-08-06T16:12:33.257-0900][gc,metaspace] GC(17) Metaspace: 41727K(42700K)->41727K(42700K) NonClass: 36890K(37632K)->36890K(37632K) Class: 4837K(5068K)->4837K(5068K)
[2021-08-06T16:12:33.258-0900][gc          ] GC(17) Pause Young (Normal) (G1 Evacuation Pause) 299M->198M(1024M) 15.386ms
[2021-08-06T16:12:33.258-0900][gc,cpu      ] GC(17) User=0.11s Sys=0.01s Real=0.01s
[2021-08-06T16:19:40.860-0900][gc,start    ] GC(18) Pause Young (Normal) (G1 Evacuation Pause)
[2021-08-06T16:19:40.861-0900][gc,task     ] GC(18) Using 10 workers of 10 for evacuation
[2021-08-06T16:19:40.874-0900][gc,phases   ] GC(18)   Pre Evacuate Collection Set: 0.2ms
[2021-08-06T16:19:40.874-0900][gc,phases   ] GC(18)   Merge Heap Roots: 0.1ms
[2021-08-06T16:19:40.874-0900][gc,phases   ] GC(18)   Evacuate Collection Set: 11.9ms
[2021-08-06T16:19:40.874-0900][gc,phases   ] GC(18)   Post Evacuate Collection Set: 0.4ms
[2021-08-06T16:19:40.874-0900][gc,phases   ] GC(18)   Other: 1.1ms
[2021-08-06T16:19:40.874-0900][gc,heap     ] GC(18) Eden regions: 131->0(100)
[2021-08-06T16:19:40.874-0900][gc,heap     ] GC(18) Survivor regions: 10->18(18)
[2021-08-06T16:19:40.874-0900][gc,heap     ] GC(18) Old regions: 60->60
[2021-08-06T16:19:40.874-0900][gc,heap     ] GC(18) Archive regions: 2->2
[2021-08-06T16:19:40.874-0900][gc,heap     ] GC(18) Humongous regions: 129->129
[2021-08-06T16:19:40.874-0900][gc,metaspace] GC(18) Metaspace: 41733K(42700K)->41733K(42700K) NonClass: 36895K(37632K)->36895K(37632K) Class: 4837K(5068K)->4837K(5068K)
[2021-08-06T16:19:40.874-0900][gc          ] GC(18) Pause Young (Normal) (G1 Evacuation Pause) 329M->207M(1024M) 13.925ms
[2021-08-06T16:19:40.874-0900][gc,cpu      ] GC(18) User=0.10s Sys=0.02s Real=0.01s
[2021-08-06T16:25:06.896-0900][gc,start    ] GC(19) Pause Young (Normal) (G1 Evacuation Pause)
[2021-08-06T16:25:06.897-0900][gc,task     ] GC(19) Using 10 workers of 10 for evacuation
[2021-08-06T16:25:06.912-0900][gc,phases   ] GC(19)   Pre Evacuate Collection Set: 0.1ms
[2021-08-06T16:25:06.912-0900][gc,phases   ] GC(19)   Merge Heap Roots: 0.1ms
[2021-08-06T16:25:06.913-0900][gc,phases   ] GC(19)   Evacuate Collection Set: 14.9ms
[2021-08-06T16:25:06.913-0900][gc,phases   ] GC(19)   Post Evacuate Collection Set: 0.5ms
[2021-08-06T16:25:06.913-0900][gc,phases   ] GC(19)   Other: 0.9ms
[2021-08-06T16:25:06.913-0900][gc,heap     ] GC(19) Eden regions: 100->0(153)
[2021-08-06T16:25:06.913-0900][gc,heap     ] GC(19) Survivor regions: 18->10(15)
[2021-08-06T16:25:06.913-0900][gc,heap     ] GC(19) Old regions: 60->77
[2021-08-06T16:25:06.913-0900][gc,heap     ] GC(19) Archive regions: 2->2
[2021-08-06T16:25:06.913-0900][gc,heap     ] GC(19) Humongous regions: 129->129
[2021-08-06T16:25:06.913-0900][gc,metaspace] GC(19) Metaspace: 41738K(42700K)->41738K(42700K) NonClass: 36901K(37632K)->36901K(37632K) Class: 4837K(5068K)->4837K(5068K)
[2021-08-06T16:25:06.913-0900][gc          ] GC(19) Pause Young (Normal) (G1 Evacuation Pause) 307M->216M(1024M) 16.654ms
[2021-08-06T16:25:06.913-0900][gc,cpu      ] GC(19) User=0.12s Sys=0.02s Real=0.02s
[2021-08-06T16:33:16.100-0900][gc,start    ] GC(20) Pause Young (Normal) (G1 Evacuation Pause)
[2021-08-06T16:33:16.101-0900][gc,task     ] GC(20) Using 10 workers of 10 for evacuation
[2021-08-06T16:33:16.111-0900][gc,phases   ] GC(20)   Pre Evacuate Collection Set: 0.2ms
[2021-08-06T16:33:16.111-0900][gc,phases   ] GC(20)   Merge Heap Roots: 0.2ms
[2021-08-06T16:33:16.111-0900][gc,phases   ] GC(20)   Evacuate Collection Set: 9.4ms
[2021-08-06T16:33:16.111-0900][gc,phases   ] GC(20)   Post Evacuate Collection Set: 0.4ms
[2021-08-06T16:33:16.111-0900][gc,phases   ] GC(20)   Other: 1.3ms
[2021-08-06T16:33:16.111-0900][gc,heap     ] GC(20) Eden regions: 153->0(151)
[2021-08-06T16:33:16.111-0900][gc,heap     ] GC(20) Survivor regions: 10->13(21)
[2021-08-06T16:33:16.111-0900][gc,heap     ] GC(20) Old regions: 77->77
[2021-08-06T16:33:16.111-0900][gc,heap     ] GC(20) Archive regions: 2->2
[2021-08-06T16:33:16.111-0900][gc,heap     ] GC(20) Humongous regions: 129->129
[2021-08-06T16:33:16.111-0900][gc,metaspace] GC(20) Metaspace: 41809K(42956K)->41809K(42956K) NonClass: 36964K(37888K)->36964K(37888K) Class: 4844K(5068K)->4844K(5068K)
[2021-08-06T16:33:16.111-0900][gc          ] GC(20) Pause Young (Normal) (G1 Evacuation Pause) 369M->218M(1024M) 11.558ms
[2021-08-06T16:33:16.111-0900][gc,cpu      ] GC(20) User=0.07s Sys=0.01s Real=0.01s
[2021-08-06T16:41:30.624-0900][gc,start    ] GC(21) Pause Young (Normal) (G1 Evacuation Pause)
[2021-08-06T16:41:30.625-0900][gc,task     ] GC(21) Using 10 workers of 10 for evacuation
[2021-08-06T16:41:30.634-0900][gc,phases   ] GC(21)   Pre Evacuate Collection Set: 0.3ms
[2021-08-06T16:41:30.634-0900][gc,phases   ] GC(21)   Merge Heap Roots: 0.2ms
[2021-08-06T16:41:30.634-0900][gc,phases   ] GC(21)   Evacuate Collection Set: 7.6ms
[2021-08-06T16:41:30.634-0900][gc,phases   ] GC(21)   Post Evacuate Collection Set: 0.4ms
[2021-08-06T16:41:30.634-0900][gc,phases   ] GC(21)   Other: 1.7ms
[2021-08-06T16:41:30.634-0900][gc,heap     ] GC(21) Eden regions: 151->0(211)
[2021-08-06T16:41:30.634-0900][gc,heap     ] GC(21) Survivor regions: 13->5(21)
[2021-08-06T16:41:30.634-0900][gc,heap     ] GC(21) Old regions: 77->84
[2021-08-06T16:41:30.634-0900][gc,heap     ] GC(21) Archive regions: 2->2
[2021-08-06T16:41:30.634-0900][gc,heap     ] GC(21) Humongous regions: 129->129
[2021-08-06T16:41:30.634-0900][gc,metaspace] GC(21) Metaspace: 41829K(42956K)->41829K(42956K) NonClass: 36984K(37888K)->36984K(37888K) Class: 4844K(5068K)->4844K(5068K)
[2021-08-06T16:41:30.634-0900][gc          ] GC(21) Pause Young (Normal) (G1 Evacuation Pause) 369M->218M(1024M) 10.287ms
[2021-08-06T16:41:30.634-0900][gc,cpu      ] GC(21) User=0.06s Sys=0.01s Real=0.01s
[2021-08-06T16:53:01.606-0900][gc,start    ] GC(22) Pause Young (Normal) (G1 Evacuation Pause)
[2021-08-06T16:53:01.607-0900][gc,task     ] GC(22) Using 10 workers of 10 for evacuation
[2021-08-06T16:53:01.615-0900][gc,phases   ] GC(22)   Pre Evacuate Collection Set: 1.4ms
[2021-08-06T16:53:01.615-0900][gc,phases   ] GC(22)   Merge Heap Roots: 0.7ms
[2021-08-06T16:53:01.615-0900][gc,phases   ] GC(22)   Evacuate Collection Set: 5.2ms
[2021-08-06T16:53:01.616-0900][gc,phases   ] GC(22)   Post Evacuate Collection Set: 0.7ms
[2021-08-06T16:53:01.616-0900][gc,phases   ] GC(22)   Other: 1.4ms
[2021-08-06T16:53:01.616-0900][gc,heap     ] GC(22) Eden regions: 211->0(609)
[2021-08-06T16:53:01.616-0900][gc,heap     ] GC(22) Survivor regions: 5->5(27)
[2021-08-06T16:53:01.616-0900][gc,heap     ] GC(22) Old regions: 84->84
[2021-08-06T16:53:01.616-0900][gc,heap     ] GC(22) Archive regions: 2->2
[2021-08-06T16:53:01.616-0900][gc,heap     ] GC(22) Humongous regions: 129->129
[2021-08-06T16:53:01.616-0900][gc,metaspace] GC(22) Metaspace: 41871K(42956K)->41871K(42956K) NonClass: 37026K(37888K)->37026K(37888K) Class: 4844K(5068K)->4844K(5068K)
[2021-08-06T16:53:01.616-0900][gc          ] GC(22) Pause Young (Normal) (G1 Evacuation Pause) 429M->217M(1024M) 9.569ms
[2021-08-06T16:53:01.616-0900][gc,cpu      ] GC(22) User=0.04s Sys=0.03s Real=0.01s
[2021-08-06T17:26:07.676-0900][gc,start    ] GC(23) Pause Young (Normal) (G1 Evacuation Pause)
[2021-08-06T17:26:07.676-0900][gc,task     ] GC(23) Using 10 workers of 10 for evacuation
[2021-08-06T17:26:07.684-0900][gc,phases   ] GC(23)   Pre Evacuate Collection Set: 0.2ms
[2021-08-06T17:26:07.684-0900][gc,phases   ] GC(23)   Merge Heap Roots: 0.2ms
[2021-08-06T17:26:07.684-0900][gc,phases   ] GC(23)   Evacuate Collection Set: 5.9ms
[2021-08-06T17:26:07.684-0900][gc,phases   ] GC(23)   Post Evacuate Collection Set: 0.6ms
[2021-08-06T17:26:07.684-0900][gc,phases   ] GC(23)   Other: 1.3ms
[2021-08-06T17:26:07.684-0900][gc,heap     ] GC(23) Eden regions: 609->0(608)
[2021-08-06T17:26:07.684-0900][gc,heap     ] GC(23) Survivor regions: 5->6(77)
[2021-08-06T17:26:07.684-0900][gc,heap     ] GC(23) Old regions: 84->84
[2021-08-06T17:26:07.684-0900][gc,heap     ] GC(23) Archive regions: 2->2
[2021-08-06T17:26:07.684-0900][gc,heap     ] GC(23) Humongous regions: 129->129
[2021-08-06T17:26:07.684-0900][gc,metaspace] GC(23) Metaspace: 41940K(42956K)->41940K(42956K) NonClass: 37095K(37888K)->37095K(37888K) Class: 4844K(5068K)->4844K(5068K)
[2021-08-06T17:26:07.684-0900][gc          ] GC(23) Pause Young (Normal) (G1 Evacuation Pause) 826M->218M(1024M) 8.403ms
[2021-08-06T17:26:07.684-0900][gc,cpu      ] GC(23) User=0.04s Sys=0.02s Real=0.01s
[2021-08-06T17:59:27.894-0900][gc,start    ] GC(24) Pause Young (Normal) (G1 Evacuation Pause)
[2021-08-06T17:59:27.895-0900][gc,task     ] GC(24) Using 10 workers of 10 for evacuation
[2021-08-06T17:59:27.899-0900][gc,phases   ] GC(24)   Pre Evacuate Collection Set: 0.2ms
[2021-08-06T17:59:27.899-0900][gc,phases   ] GC(24)   Merge Heap Roots: 0.1ms
[2021-08-06T17:59:27.899-0900][gc,phases   ] GC(24)   Evacuate Collection Set: 3.6ms
[2021-08-06T17:59:27.899-0900][gc,phases   ] GC(24)   Post Evacuate Collection Set: 0.7ms
[2021-08-06T17:59:27.900-0900][gc,phases   ] GC(24)   Other: 1.0ms
[2021-08-06T17:59:27.900-0900][gc,heap     ] GC(24) Eden regions: 608->0(608)
[2021-08-06T17:59:27.900-0900][gc,heap     ] GC(24) Survivor regions: 6->6(77)
[2021-08-06T17:59:27.900-0900][gc,heap     ] GC(24) Old regions: 84->84
[2021-08-06T17:59:27.900-0900][gc,heap     ] GC(24) Archive regions: 2->2
[2021-08-06T17:59:27.900-0900][gc,heap     ] GC(24) Humongous regions: 129->129
[2021-08-06T17:59:27.900-0900][gc,metaspace] GC(24) Metaspace: 41996K(42956K)->41996K(42956K) NonClass: 37151K(37888K)->37151K(37888K) Class: 4844K(5068K)->4844K(5068K)
[2021-08-06T17:59:27.900-0900][gc          ] GC(24) Pause Young (Normal) (G1 Evacuation Pause) 826M->218M(1024M) 5.855ms
[2021-08-06T17:59:27.900-0900][gc,cpu      ] GC(24) User=0.03s Sys=0.01s Real=0.01s
[2021-08-06T18:32:30.312-0900][gc,start    ] GC(25) Pause Young (Normal) (G1 Evacuation Pause)
[2021-08-06T18:32:30.313-0900][gc,task     ] GC(25) Using 10 workers of 10 for evacuation
[2021-08-06T18:32:30.318-0900][gc,phases   ] GC(25)   Pre Evacuate Collection Set: 0.2ms
[2021-08-06T18:32:30.318-0900][gc,phases   ] GC(25)   Merge Heap Roots: 0.1ms
[2021-08-06T18:32:30.318-0900][gc,phases   ] GC(25)   Evacuate Collection Set: 3.2ms
[2021-08-06T18:32:30.318-0900][gc,phases   ] GC(25)   Post Evacuate Collection Set: 0.6ms
[2021-08-06T18:32:30.318-0900][gc,phases   ] GC(25)   Other: 1.3ms
[2021-08-06T18:32:30.318-0900][gc,heap     ] GC(25) Eden regions: 608->0(609)
[2021-08-06T18:32:30.318-0900][gc,heap     ] GC(25) Survivor regions: 6->5(77)
[2021-08-06T18:32:30.318-0900][gc,heap     ] GC(25) Old regions: 84->84
[2021-08-06T18:32:30.318-0900][gc,heap     ] GC(25) Archive regions: 2->2
[2021-08-06T18:32:30.318-0900][gc,heap     ] GC(25) Humongous regions: 129->129
[2021-08-06T18:32:30.318-0900][gc,metaspace] GC(25) Metaspace: 42016K(42956K)->42016K(42956K) NonClass: 37171K(37888K)->37171K(37888K) Class: 4844K(5068K)->4844K(5068K)
[2021-08-06T18:32:30.318-0900][gc          ] GC(25) Pause Young (Normal) (G1 Evacuation Pause) 826M->217M(1024M) 5.548ms
[2021-08-06T18:32:30.318-0900][gc,cpu      ] GC(25) User=0.03s Sys=0.00s Real=0.00s
[2021-08-06T19:05:48.115-0900][gc,start    ] GC(26) Pause Young (Normal) (G1 Evacuation Pause)
[2021-08-06T19:05:48.116-0900][gc,task     ] GC(26) Using 10 workers of 10 for evacuation
[2021-08-06T19:05:48.120-0900][gc,phases   ] GC(26)   Pre Evacuate Collection Set: 0.2ms
[2021-08-06T19:05:48.120-0900][gc,phases   ] GC(26)   Merge Heap Roots: 0.1ms
[2021-08-06T19:05:48.120-0900][gc,phases   ] GC(26)   Evacuate Collection Set: 2.7ms
[2021-08-06T19:05:48.120-0900][gc,phases   ] GC(26)   Post Evacuate Collection Set: 0.5ms
[2021-08-06T19:05:48.120-0900][gc,phases   ] GC(26)   Other: 0.9ms
[2021-08-06T19:05:48.120-0900][gc,heap     ] GC(26) Eden regions: 609->0(610)
[2021-08-06T19:05:48.120-0900][gc,heap     ] GC(26) Survivor regions: 5->4(77)
[2021-08-06T19:05:48.120-0900][gc,heap     ] GC(26) Old regions: 84->84
[2021-08-06T19:05:48.120-0900][gc,heap     ] GC(26) Archive regions: 2->2
[2021-08-06T19:05:48.120-0900][gc,heap     ] GC(26) Humongous regions: 129->129
[2021-08-06T19:05:48.120-0900][gc,metaspace] GC(26) Metaspace: 42018K(42956K)->42018K(42956K) NonClass: 37173K(37888K)->37173K(37888K) Class: 4844K(5068K)->4844K(5068K)
[2021-08-06T19:05:48.120-0900][gc          ] GC(26) Pause Young (Normal) (G1 Evacuation Pause) 826M->217M(1024M) 4.538ms
[2021-08-06T19:05:48.120-0900][gc,cpu      ] GC(26) User=0.03s Sys=0.01s Real=0.01s
[2021-08-06T19:38:53.465-0900][gc,start    ] GC(27) Pause Young (Normal) (G1 Evacuation Pause)
[2021-08-06T19:38:53.466-0900][gc,task     ] GC(27) Using 10 workers of 10 for evacuation
[2021-08-06T19:38:53.471-0900][gc,phases   ] GC(27)   Pre Evacuate Collection Set: 0.3ms
[2021-08-06T19:38:53.472-0900][gc,phases   ] GC(27)   Merge Heap Roots: 0.2ms
[2021-08-06T19:38:53.472-0900][gc,phases   ] GC(27)   Evacuate Collection Set: 4.0ms
[2021-08-06T19:38:53.472-0900][gc,phases   ] GC(27)   Post Evacuate Collection Set: 0.6ms
[2021-08-06T19:38:53.472-0900][gc,phases   ] GC(27)   Other: 1.2ms
[2021-08-06T19:38:53.472-0900][gc,heap     ] GC(27) Eden regions: 610->0(608)
[2021-08-06T19:38:53.472-0900][gc,heap     ] GC(27) Survivor regions: 4->6(77)
[2021-08-06T19:38:53.472-0900][gc,heap     ] GC(27) Old regions: 84->84
[2021-08-06T19:38:53.472-0900][gc,heap     ] GC(27) Archive regions: 2->2
[2021-08-06T19:38:53.472-0900][gc,heap     ] GC(27) Humongous regions: 129->129
[2021-08-06T19:38:53.472-0900][gc,metaspace] GC(27) Metaspace: 42024K(42956K)->42024K(42956K) NonClass: 37179K(37888K)->37179K(37888K) Class: 4844K(5068K)->4844K(5068K)
[2021-08-06T19:38:53.472-0900][gc          ] GC(27) Pause Young (Normal) (G1 Evacuation Pause) 827M->218M(1024M) 6.427ms
[2021-08-06T19:38:53.472-0900][gc,cpu      ] GC(27) User=0.04s Sys=0.01s Real=0.01s
[2021-08-06T20:12:10.563-0900][gc,start    ] GC(28) Pause Young (Normal) (G1 Evacuation Pause)
[2021-08-06T20:12:10.564-0900][gc,task     ] GC(28) Using 10 workers of 10 for evacuation
[2021-08-06T20:12:10.569-0900][gc,phases   ] GC(28)   Pre Evacuate Collection Set: 0.4ms
[2021-08-06T20:12:10.569-0900][gc,phases   ] GC(28)   Merge Heap Roots: 0.2ms
[2021-08-06T20:12:10.569-0900][gc,phases   ] GC(28)   Evacuate Collection Set: 3.4ms
[2021-08-06T20:12:10.569-0900][gc,phases   ] GC(28)   Post Evacuate Collection Set: 0.5ms
[2021-08-06T20:12:10.569-0900][gc,phases   ] GC(28)   Other: 1.3ms
[2021-08-06T20:12:10.569-0900][gc,heap     ] GC(28) Eden regions: 608->0(609)
[2021-08-06T20:12:10.569-0900][gc,heap     ] GC(28) Survivor regions: 6->5(77)
[2021-08-06T20:12:10.569-0900][gc,heap     ] GC(28) Old regions: 84->84
[2021-08-06T20:12:10.569-0900][gc,heap     ] GC(28) Archive regions: 2->2
[2021-08-06T20:12:10.569-0900][gc,heap     ] GC(28) Humongous regions: 129->129
[2021-08-06T20:12:10.569-0900][gc,metaspace] GC(28) Metaspace: 42056K(43212K)->42056K(43212K) NonClass: 37211K(38144K)->37211K(38144K) Class: 4844K(5068K)->4844K(5068K)
[2021-08-06T20:12:10.569-0900][gc          ] GC(28) Pause Young (Normal) (G1 Evacuation Pause) 826M->218M(1024M) 5.986ms
[2021-08-06T20:12:10.569-0900][gc,cpu      ] GC(28) User=0.04s Sys=0.01s Real=0.00s
[2021-08-06T20:45:15.761-0900][gc,start    ] GC(29) Pause Young (Normal) (G1 Evacuation Pause)
[2021-08-06T20:45:15.762-0900][gc,task     ] GC(29) Using 10 workers of 10 for evacuation
[2021-08-06T20:45:15.773-0900][gc,phases   ] GC(29)   Pre Evacuate Collection Set: 1.5ms
[2021-08-06T20:45:15.774-0900][gc,phases   ] GC(29)   Merge Heap Roots: 0.5ms
[2021-08-06T20:45:15.774-0900][gc,phases   ] GC(29)   Evacuate Collection Set: 8.2ms
[2021-08-06T20:45:15.774-0900][gc,phases   ] GC(29)   Post Evacuate Collection Set: 1.0ms
[2021-08-06T20:45:15.774-0900][gc,phases   ] GC(29)   Other: 1.5ms
[2021-08-06T20:45:15.774-0900][gc,heap     ] GC(29) Eden regions: 609->0(609)
[2021-08-06T20:45:15.774-0900][gc,heap     ] GC(29) Survivor regions: 5->5(77)
[2021-08-06T20:45:15.774-0900][gc,heap     ] GC(29) Old regions: 84->84
[2021-08-06T20:45:15.774-0900][gc,heap     ] GC(29) Archive regions: 2->2
[2021-08-06T20:45:15.774-0900][gc,heap     ] GC(29) Humongous regions: 129->129
[2021-08-06T20:45:15.774-0900][gc,metaspace] GC(29) Metaspace: 42068K(43212K)->42068K(43212K) NonClass: 37223K(38144K)->37223K(38144K) Class: 4845K(5068K)->4845K(5068K)
[2021-08-06T20:45:15.774-0900][gc          ] GC(29) Pause Young (Normal) (G1 Evacuation Pause) 827M->217M(1024M) 12.824ms
[2021-08-06T20:45:15.774-0900][gc,cpu      ] GC(29) User=0.03s Sys=0.04s Real=0.01s
[2021-08-06T21:18:37.186-0900][gc,start    ] GC(30) Pause Young (Normal) (G1 Evacuation Pause)
[2021-08-06T21:18:37.187-0900][gc,task     ] GC(30) Using 10 workers of 10 for evacuation
[2021-08-06T21:18:37.193-0900][gc,phases   ] GC(30)   Pre Evacuate Collection Set: 0.2ms
[2021-08-06T21:18:37.193-0900][gc,phases   ] GC(30)   Merge Heap Roots: 0.1ms
[2021-08-06T21:18:37.193-0900][gc,phases   ] GC(30)   Evacuate Collection Set: 5.0ms
[2021-08-06T21:18:37.193-0900][gc,phases   ] GC(30)   Post Evacuate Collection Set: 0.5ms
[2021-08-06T21:18:37.193-0900][gc,phases   ] GC(30)   Other: 0.7ms
[2021-08-06T21:18:37.193-0900][gc,heap     ] GC(30) Eden regions: 609->0(608)
[2021-08-06T21:18:37.193-0900][gc,heap     ] GC(30) Survivor regions: 5->6(77)
[2021-08-06T21:18:37.193-0900][gc,heap     ] GC(30) Old regions: 84->84
[2021-08-06T21:18:37.193-0900][gc,heap     ] GC(30) Archive regions: 2->2
[2021-08-06T21:18:37.193-0900][gc,heap     ] GC(30) Humongous regions: 129->129
[2021-08-06T21:18:37.193-0900][gc,metaspace] GC(30) Metaspace: 42070K(43212K)->42070K(43212K) NonClass: 37225K(38144K)->37225K(38144K) Class: 4845K(5068K)->4845K(5068K)
[2021-08-06T21:18:37.193-0900][gc          ] GC(30) Pause Young (Normal) (G1 Evacuation Pause) 826M->219M(1024M) 6.670ms
[2021-08-06T21:18:37.193-0900][gc,cpu      ] GC(30) User=0.04s Sys=0.01s Real=0.01s
[2021-08-06T21:48:57.600-0900][gc,start    ] GC(31) Pause Young (Normal) (G1 Evacuation Pause)
[2021-08-06T21:48:57.601-0900][gc,task     ] GC(31) Using 10 workers of 10 for evacuation
[2021-08-06T21:48:57.615-0900][gc,phases   ] GC(31)   Pre Evacuate Collection Set: 1.6ms
[2021-08-06T21:48:57.615-0900][gc,phases   ] GC(31)   Merge Heap Roots: 0.3ms
[2021-08-06T21:48:57.615-0900][gc,phases   ] GC(31)   Evacuate Collection Set: 11.1ms
[2021-08-06T21:48:57.615-0900][gc,phases   ] GC(31)   Post Evacuate Collection Set: 0.7ms
[2021-08-06T21:48:57.615-0900][gc,phases   ] GC(31)   Other: 1.3ms
[2021-08-06T21:48:57.615-0900][gc,heap     ] GC(31) Eden regions: 608->0(608)
[2021-08-06T21:48:57.615-0900][gc,heap     ] GC(31) Survivor regions: 6->6(77)
[2021-08-06T21:48:57.615-0900][gc,heap     ] GC(31) Old regions: 84->84
[2021-08-06T21:48:57.615-0900][gc,heap     ] GC(31) Archive regions: 2->2
[2021-08-06T21:48:57.615-0900][gc,heap     ] GC(31) Humongous regions: 129->129
[2021-08-06T21:48:57.615-0900][gc,metaspace] GC(31) Metaspace: 42376K(43596K)->42376K(43596K) NonClass: 37463K(38400K)->37463K(38400K) Class: 4912K(5196K)->4912K(5196K)
[2021-08-06T21:48:57.615-0900][gc          ] GC(31) Pause Young (Normal) (G1 Evacuation Pause) 827M->219M(1024M) 15.084ms
[2021-08-06T21:48:57.615-0900][gc,cpu      ] GC(31) User=0.04s Sys=0.05s Real=0.01s
