[2021-08-04T18:15:56.661-0900][gc] Using G1
[2021-08-04T18:15:56.667-0900][gc,init] Version: 15.0.2+7 (release)
[2021-08-04T18:15:56.667-0900][gc,init] CPUs: 12 total, 12 available
[2021-08-04T18:15:56.667-0900][gc,init] Memory: 16384M
[2021-08-04T18:15:56.667-0900][gc,init] Large Page Support: Disabled
[2021-08-04T18:15:56.667-0900][gc,init] NUMA Support: Disabled
[2021-08-04T18:15:56.667-0900][gc,init] Compressed Oops: Enabled (Zero based)
[2021-08-04T18:15:56.667-0900][gc,init] Heap Region Size: 1M
[2021-08-04T18:15:56.667-0900][gc,init] Heap Min Capacity: 1G
[2021-08-04T18:15:56.667-0900][gc,init] Heap Initial Capacity: 1G
[2021-08-04T18:15:56.667-0900][gc,init] Heap Max Capacity: 1G
[2021-08-04T18:15:56.667-0900][gc,init] Pre-touch: Disabled
[2021-08-04T18:15:56.667-0900][gc,init] Parallel Workers: 10
[2021-08-04T18:15:56.667-0900][gc,init] Concurrent Workers: 3
[2021-08-04T18:15:56.667-0900][gc,init] Concurrent Refinement Workers: 10
[2021-08-04T18:15:56.667-0900][gc,init] Periodic GC: Disabled
[2021-08-04T18:15:56.667-0900][gc,cds ] Mark closed archive regions in map: [0x00000007fff00000, 0x00000007fff78ff8]
[2021-08-04T18:15:56.667-0900][gc,cds ] Mark open archive regions in map: [0x00000007ffe00000, 0x00000007ffe50ff8]
[2021-08-04T18:15:56.667-0900][gc,metaspace] CDS archive(s) mapped at: [0x0000000800000000-0x0000000800b2f000-0x0000000800b2f000), size 11726848, SharedBaseAddress: 0x0000000800000000, ArchiveRelocationMode: 0.
[2021-08-04T18:15:56.667-0900][gc,metaspace] Compressed class space mapped at: 0x0000000800b30000-0x0000000840b30000, size: 1073741824
[2021-08-04T18:15:56.667-0900][gc,metaspace] Narrow klass base: 0x0000000800000000, Narrow klass shift: 3, Narrow klass range: 0x100000000
[2021-08-04T18:16:03.253-0900][gc,start    ] GC(0) Pause Young (Normal) (G1 Evacuation Pause)
[2021-08-04T18:16:03.254-0900][gc,task     ] GC(0) Using 10 workers of 10 for evacuation
[2021-08-04T18:16:03.259-0900][gc,phases   ] GC(0)   Pre Evacuate Collection Set: 0.1ms
[2021-08-04T18:16:03.259-0900][gc,phases   ] GC(0)   Merge Heap Roots: 0.1ms
[2021-08-04T18:16:03.259-0900][gc,phases   ] GC(0)   Evacuate Collection Set: 4.8ms
[2021-08-04T18:16:03.259-0900][gc,phases   ] GC(0)   Post Evacuate Collection Set: 0.5ms
[2021-08-04T18:16:03.259-0900][gc,phases   ] GC(0)   Other: 0.6ms
[2021-08-04T18:16:03.259-0900][gc,heap     ] GC(0) Eden regions: 51->0(44)
[2021-08-04T18:16:03.259-0900][gc,heap     ] GC(0) Survivor regions: 0->7(7)
[2021-08-04T18:16:03.259-0900][gc,heap     ] GC(0) Old regions: 0->1
[2021-08-04T18:16:03.259-0900][gc,heap     ] GC(0) Archive regions: 2->2
[2021-08-04T18:16:03.259-0900][gc,heap     ] GC(0) Humongous regions: 0->0
[2021-08-04T18:16:03.259-0900][gc,metaspace] GC(0) Metaspace: 18953K(19584K)->18953K(19584K) NonClass: 16685K(17152K)->16685K(17152K) Class: 2268K(2432K)->2268K(2432K)
[2021-08-04T18:16:03.259-0900][gc          ] GC(0) Pause Young (Normal) (G1 Evacuation Pause) 51M->7M(1024M) 6.165ms
[2021-08-04T18:16:03.259-0900][gc,cpu      ] GC(0) User=0.03s Sys=0.01s Real=0.00s
[2021-08-04T18:16:03.382-0900][gc,start    ] GC(1) Pause Young (Concurrent Start) (Metadata GC Threshold)
[2021-08-04T18:16:03.382-0900][gc,task     ] GC(1) Using 10 workers of 10 for evacuation
[2021-08-04T18:16:03.392-0900][gc,phases   ] GC(1)   Pre Evacuate Collection Set: 0.1ms
[2021-08-04T18:16:03.392-0900][gc,phases   ] GC(1)   Merge Heap Roots: 0.0ms
[2021-08-04T18:16:03.392-0900][gc,phases   ] GC(1)   Evacuate Collection Set: 8.7ms
[2021-08-04T18:16:03.392-0900][gc,phases   ] GC(1)   Post Evacuate Collection Set: 0.6ms
[2021-08-04T18:16:03.392-0900][gc,phases   ] GC(1)   Other: 0.2ms
[2021-08-04T18:16:03.392-0900][gc,heap     ] GC(1) Eden regions: 9->0(50)
[2021-08-04T18:16:03.392-0900][gc,heap     ] GC(1) Survivor regions: 7->1(7)
[2021-08-04T18:16:03.392-0900][gc,heap     ] GC(1) Old regions: 1->7
[2021-08-04T18:16:03.392-0900][gc,heap     ] GC(1) Archive regions: 2->2
[2021-08-04T18:16:03.392-0900][gc,heap     ] GC(1) Humongous regions: 0->0
[2021-08-04T18:16:03.392-0900][gc,metaspace] GC(1) Metaspace: 20680K(21296K)->20680K(21296K) NonClass: 18189K(18688K)->18189K(18688K) Class: 2490K(2608K)->2490K(2608K)
[2021-08-04T18:16:03.392-0900][gc          ] GC(1) Pause Young (Concurrent Start) (Metadata GC Threshold) 16M->8M(1024M) 9.931ms
[2021-08-04T18:16:03.392-0900][gc,cpu      ] GC(1) User=0.04s Sys=0.02s Real=0.01s
[2021-08-04T18:16:03.392-0900][gc          ] GC(2) Concurrent Cycle
[2021-08-04T18:16:03.392-0900][gc,marking  ] GC(2) Concurrent Clear Claimed Marks
[2021-08-04T18:16:03.392-0900][gc,marking  ] GC(2) Concurrent Clear Claimed Marks 0.023ms
[2021-08-04T18:16:03.392-0900][gc,marking  ] GC(2) Concurrent Scan Root Regions
[2021-08-04T18:16:03.396-0900][gc,marking  ] GC(2) Concurrent Scan Root Regions 4.176ms
[2021-08-04T18:16:03.396-0900][gc,marking  ] GC(2) Concurrent Mark (6.741s)
[2021-08-04T18:16:03.396-0900][gc,marking  ] GC(2) Concurrent Mark From Roots
[2021-08-04T18:16:03.396-0900][gc,task     ] GC(2) Using 3 workers of 3 for marking
[2021-08-04T18:16:03.398-0900][gc,marking  ] GC(2) Concurrent Mark From Roots 1.291ms
[2021-08-04T18:16:03.398-0900][gc,marking  ] GC(2) Concurrent Preclean
[2021-08-04T18:16:03.398-0900][gc,marking  ] GC(2) Concurrent Preclean 0.035ms
[2021-08-04T18:16:03.398-0900][gc,marking  ] GC(2) Concurrent Mark (6.741s, 6.742s) 1.393ms
[2021-08-04T18:16:03.398-0900][gc,start    ] GC(2) Pause Remark
[2021-08-04T18:16:03.398-0900][gc          ] GC(2) Pause Remark 8M->8M(1024M) 0.711ms
[2021-08-04T18:16:03.398-0900][gc,cpu      ] GC(2) User=0.00s Sys=0.00s Real=0.00s
[2021-08-04T18:16:03.399-0900][gc,marking  ] GC(2) Concurrent Rebuild Remembered Sets
[2021-08-04T18:16:03.400-0900][gc,marking  ] GC(2) Concurrent Rebuild Remembered Sets 1.830ms
[2021-08-04T18:16:03.401-0900][gc,start    ] GC(2) Pause Cleanup
[2021-08-04T18:16:03.401-0900][gc          ] GC(2) Pause Cleanup 8M->8M(1024M) 0.176ms
[2021-08-04T18:16:03.401-0900][gc,cpu      ] GC(2) User=0.00s Sys=0.00s Real=0.00s
[2021-08-04T18:16:03.401-0900][gc,marking  ] GC(2) Concurrent Cleanup for Next Mark
[2021-08-04T18:16:03.407-0900][gc,marking  ] GC(2) Concurrent Cleanup for Next Mark 5.361ms
[2021-08-04T18:16:03.407-0900][gc          ] GC(2) Concurrent Cycle 14.825ms
[2021-08-04T18:16:04.111-0900][gc,start    ] GC(3) Pause Young (Normal) (G1 Evacuation Pause)
[2021-08-04T18:16:04.111-0900][gc,task     ] GC(3) Using 10 workers of 10 for evacuation
[2021-08-04T18:16:04.114-0900][gc,phases   ] GC(3)   Pre Evacuate Collection Set: 0.1ms
[2021-08-04T18:16:04.114-0900][gc,phases   ] GC(3)   Merge Heap Roots: 0.1ms
[2021-08-04T18:16:04.114-0900][gc,phases   ] GC(3)   Evacuate Collection Set: 2.7ms
[2021-08-04T18:16:04.114-0900][gc,phases   ] GC(3)   Post Evacuate Collection Set: 0.4ms
[2021-08-04T18:16:04.114-0900][gc,phases   ] GC(3)   Other: 0.1ms
[2021-08-04T18:16:04.114-0900][gc,heap     ] GC(3) Eden regions: 50->0(45)
[2021-08-04T18:16:04.114-0900][gc,heap     ] GC(3) Survivor regions: 1->6(7)
[2021-08-04T18:16:04.114-0900][gc,heap     ] GC(3) Old regions: 7->7
[2021-08-04T18:16:04.114-0900][gc,heap     ] GC(3) Archive regions: 2->2
[2021-08-04T18:16:04.114-0900][gc,heap     ] GC(3) Humongous regions: 129->129
[2021-08-04T18:16:04.114-0900][gc,metaspace] GC(3) Metaspace: 32449K(33712K)->32449K(33712K) NonClass: 28874K(29952K)->28874K(29952K) Class: 3575K(3760K)->3575K(3760K)
[2021-08-04T18:16:04.114-0900][gc          ] GC(3) Pause Young (Normal) (G1 Evacuation Pause) 187M->141M(1024M) 3.760ms
[2021-08-04T18:16:04.114-0900][gc,cpu      ] GC(3) User=0.03s Sys=0.00s Real=0.00s
[2021-08-04T18:18:18.749-0900][gc,start    ] GC(4) Pause Young (Concurrent Start) (Metadata GC Threshold)
[2021-08-04T18:18:18.750-0900][gc,task     ] GC(4) Using 10 workers of 10 for evacuation
[2021-08-04T18:18:18.753-0900][gc,phases   ] GC(4)   Pre Evacuate Collection Set: 0.1ms
[2021-08-04T18:18:18.753-0900][gc,phases   ] GC(4)   Merge Heap Roots: 0.1ms
[2021-08-04T18:18:18.753-0900][gc,phases   ] GC(4)   Evacuate Collection Set: 2.7ms
[2021-08-04T18:18:18.753-0900][gc,phases   ] GC(4)   Post Evacuate Collection Set: 0.4ms
[2021-08-04T18:18:18.753-0900][gc,phases   ] GC(4)   Other: 0.4ms
[2021-08-04T18:18:18.753-0900][gc,heap     ] GC(4) Eden regions: 13->0(50)
[2021-08-04T18:18:18.753-0900][gc,heap     ] GC(4) Survivor regions: 6->1(7)
[2021-08-04T18:18:18.753-0900][gc,heap     ] GC(4) Old regions: 7->13
[2021-08-04T18:18:18.753-0900][gc,heap     ] GC(4) Archive regions: 2->2
[2021-08-04T18:18:18.753-0900][gc,heap     ] GC(4) Humongous regions: 129->129
[2021-08-04T18:18:18.753-0900][gc,metaspace] GC(4) Metaspace: 34759K(35888K)->34759K(35888K) NonClass: 30853K(31744K)->30853K(31744K) Class: 3905K(4144K)->3905K(4144K)
[2021-08-04T18:18:18.753-0900][gc          ] GC(4) Pause Young (Concurrent Start) (Metadata GC Threshold) 154M->142M(1024M) 3.825ms
[2021-08-04T18:18:18.753-0900][gc,cpu      ] GC(4) User=0.02s Sys=0.00s Real=0.01s
[2021-08-04T18:18:18.753-0900][gc          ] GC(5) Concurrent Cycle
[2021-08-04T18:18:18.753-0900][gc,marking  ] GC(5) Concurrent Clear Claimed Marks
[2021-08-04T18:18:18.753-0900][gc,marking  ] GC(5) Concurrent Clear Claimed Marks 0.042ms
[2021-08-04T18:18:18.753-0900][gc,marking  ] GC(5) Concurrent Scan Root Regions
[2021-08-04T18:18:18.755-0900][gc,marking  ] GC(5) Concurrent Scan Root Regions 1.518ms
[2021-08-04T18:18:18.755-0900][gc,marking  ] GC(5) Concurrent Mark (142.098s)
[2021-08-04T18:18:18.755-0900][gc,marking  ] GC(5) Concurrent Mark From Roots
[2021-08-04T18:18:18.755-0900][gc,task     ] GC(5) Using 3 workers of 3 for marking
[2021-08-04T18:18:18.758-0900][gc,marking  ] GC(5) Concurrent Mark From Roots 3.334ms
[2021-08-04T18:18:18.758-0900][gc,marking  ] GC(5) Concurrent Preclean
[2021-08-04T18:18:18.758-0900][gc,marking  ] GC(5) Concurrent Preclean 0.054ms
[2021-08-04T18:18:18.758-0900][gc,marking  ] GC(5) Concurrent Mark (142.098s, 142.102s) 3.435ms
[2021-08-04T18:18:18.758-0900][gc,start    ] GC(5) Pause Remark
[2021-08-04T18:18:18.759-0900][gc          ] GC(5) Pause Remark 143M->143M(1024M) 1.043ms
[2021-08-04T18:18:18.760-0900][gc,cpu      ] GC(5) User=0.01s Sys=0.00s Real=0.00s
[2021-08-04T18:18:18.760-0900][gc,marking  ] GC(5) Concurrent Rebuild Remembered Sets
[2021-08-04T18:18:18.763-0900][gc,marking  ] GC(5) Concurrent Rebuild Remembered Sets 3.246ms
[2021-08-04T18:18:18.763-0900][gc,start    ] GC(5) Pause Cleanup
[2021-08-04T18:18:18.763-0900][gc          ] GC(5) Pause Cleanup 143M->143M(1024M) 0.131ms
[2021-08-04T18:18:18.763-0900][gc,cpu      ] GC(5) User=0.00s Sys=0.00s Real=0.00s
[2021-08-04T18:18:18.763-0900][gc,marking  ] GC(5) Concurrent Cleanup for Next Mark
[2021-08-04T18:18:18.767-0900][gc,marking  ] GC(5) Concurrent Cleanup for Next Mark 4.068ms
[2021-08-04T18:18:18.767-0900][gc          ] GC(5) Concurrent Cycle 14.132ms
[2021-08-04T18:30:18.699-0900][gc,start    ] GC(6) Pause Young (Normal) (G1 Evacuation Pause)
[2021-08-04T18:30:18.700-0900][gc,task     ] GC(6) Using 10 workers of 10 for evacuation
[2021-08-04T18:30:18.703-0900][gc,phases   ] GC(6)   Pre Evacuate Collection Set: 0.1ms
[2021-08-04T18:30:18.703-0900][gc,phases   ] GC(6)   Merge Heap Roots: 0.1ms
[2021-08-04T18:30:18.703-0900][gc,phases   ] GC(6)   Evacuate Collection Set: 2.3ms
[2021-08-04T18:30:18.703-0900][gc,phases   ] GC(6)   Post Evacuate Collection Set: 0.6ms
[2021-08-04T18:30:18.703-0900][gc,phases   ] GC(6)   Other: 1.1ms
[2021-08-04T18:30:18.703-0900][gc,heap     ] GC(6) Eden regions: 50->0(47)
[2021-08-04T18:30:18.703-0900][gc,heap     ] GC(6) Survivor regions: 1->4(7)
[2021-08-04T18:30:18.703-0900][gc,heap     ] GC(6) Old regions: 13->13
[2021-08-04T18:30:18.703-0900][gc,heap     ] GC(6) Archive regions: 2->2
[2021-08-04T18:30:18.703-0900][gc,heap     ] GC(6) Humongous regions: 129->129
[2021-08-04T18:30:18.703-0900][gc,metaspace] GC(6) Metaspace: 40063K(41136K)->40063K(41136K) NonClass: 35303K(36096K)->35303K(36096K) Class: 4760K(5040K)->4760K(5040K)
[2021-08-04T18:30:18.703-0900][gc          ] GC(6) Pause Young (Normal) (G1 Evacuation Pause) 192M->145M(1024M) 4.360ms
[2021-08-04T18:30:18.703-0900][gc,cpu      ] GC(6) User=0.02s Sys=0.00s Real=0.01s
[2021-08-04T18:39:18.212-0900][gc,start    ] GC(7) Pause Young (Normal) (G1 Evacuation Pause)
[2021-08-04T18:39:18.213-0900][gc,task     ] GC(7) Using 10 workers of 10 for evacuation
[2021-08-04T18:39:18.218-0900][gc,phases   ] GC(7)   Pre Evacuate Collection Set: 0.2ms
[2021-08-04T18:39:18.218-0900][gc,phases   ] GC(7)   Merge Heap Roots: 0.1ms
[2021-08-04T18:39:18.218-0900][gc,phases   ] GC(7)   Evacuate Collection Set: 3.6ms
[2021-08-04T18:39:18.218-0900][gc,phases   ] GC(7)   Post Evacuate Collection Set: 0.6ms
[2021-08-04T18:39:18.218-0900][gc,phases   ] GC(7)   Other: 1.3ms
[2021-08-04T18:39:18.218-0900][gc,heap     ] GC(7) Eden regions: 47->0(46)
[2021-08-04T18:39:18.218-0900][gc,heap     ] GC(7) Survivor regions: 4->5(7)
[2021-08-04T18:39:18.218-0900][gc,heap     ] GC(7) Old regions: 13->13
[2021-08-04T18:39:18.218-0900][gc,heap     ] GC(7) Archive regions: 2->2
[2021-08-04T18:39:18.218-0900][gc,heap     ] GC(7) Humongous regions: 129->129
[2021-08-04T18:39:18.218-0900][gc,metaspace] GC(7) Metaspace: 41139K(42160K)->41139K(42160K) NonClass: 36335K(37120K)->36335K(37120K) Class: 4803K(5040K)->4803K(5040K)
[2021-08-04T18:39:18.218-0900][gc          ] GC(7) Pause Young (Normal) (G1 Evacuation Pause) 192M->146M(1024M) 6.153ms
[2021-08-04T18:39:18.218-0900][gc,cpu      ] GC(7) User=0.03s Sys=0.00s Real=0.00s
[2021-08-04T18:48:44.115-0900][gc,start    ] GC(8) Pause Young (Normal) (G1 Evacuation Pause)
[2021-08-04T18:48:44.116-0900][gc,task     ] GC(8) Using 10 workers of 10 for evacuation
[2021-08-04T18:48:44.120-0900][gc,phases   ] GC(8)   Pre Evacuate Collection Set: 0.2ms
[2021-08-04T18:48:44.120-0900][gc,phases   ] GC(8)   Merge Heap Roots: 0.1ms
[2021-08-04T18:48:44.120-0900][gc,phases   ] GC(8)   Evacuate Collection Set: 3.7ms
[2021-08-04T18:48:44.120-0900][gc,phases   ] GC(8)   Post Evacuate Collection Set: 0.4ms
[2021-08-04T18:48:44.120-0900][gc,phases   ] GC(8)   Other: 1.3ms
[2021-08-04T18:48:44.120-0900][gc,heap     ] GC(8) Eden regions: 46->0(73)
[2021-08-04T18:48:44.120-0900][gc,heap     ] GC(8) Survivor regions: 5->3(7)
[2021-08-04T18:48:44.120-0900][gc,heap     ] GC(8) Old regions: 13->16
[2021-08-04T18:48:44.120-0900][gc,heap     ] GC(8) Archive regions: 2->2
[2021-08-04T18:48:44.120-0900][gc,heap     ] GC(8) Humongous regions: 129->129
[2021-08-04T18:48:44.120-0900][gc,metaspace] GC(8) Metaspace: 41201K(42416K)->41201K(42416K) NonClass: 36397K(37376K)->36397K(37376K) Class: 4803K(5040K)->4803K(5040K)
[2021-08-04T18:48:44.120-0900][gc          ] GC(8) Pause Young (Normal) (G1 Evacuation Pause) 192M->147M(1024M) 5.892ms
[2021-08-04T18:48:44.120-0900][gc,cpu      ] GC(8) User=0.03s Sys=0.00s Real=0.01s
[2021-08-04T19:05:10.323-0900][gc,start    ] GC(9) Pause Young (Normal) (G1 Evacuation Pause)
[2021-08-04T19:05:10.324-0900][gc,task     ] GC(9) Using 10 workers of 10 for evacuation
[2021-08-04T19:05:10.328-0900][gc,phases   ] GC(9)   Pre Evacuate Collection Set: 0.2ms
[2021-08-04T19:05:10.328-0900][gc,phases   ] GC(9)   Merge Heap Roots: 0.1ms
[2021-08-04T19:05:10.328-0900][gc,phases   ] GC(9)   Evacuate Collection Set: 3.0ms
[2021-08-04T19:05:10.328-0900][gc,phases   ] GC(9)   Post Evacuate Collection Set: 0.6ms
[2021-08-04T19:05:10.328-0900][gc,phases   ] GC(9)   Other: 1.3ms
[2021-08-04T19:05:10.328-0900][gc,heap     ] GC(9) Eden regions: 73->0(240)
[2021-08-04T19:05:10.328-0900][gc,heap     ] GC(9) Survivor regions: 3->3(10)
[2021-08-04T19:05:10.328-0900][gc,heap     ] GC(9) Old regions: 16->16
[2021-08-04T19:05:10.328-0900][gc,heap     ] GC(9) Archive regions: 2->2
[2021-08-04T19:05:10.328-0900][gc,heap     ] GC(9) Humongous regions: 129->129
[2021-08-04T19:05:10.328-0900][gc,metaspace] GC(9) Metaspace: 41286K(42416K)->41286K(42416K) NonClass: 36482K(37376K)->36482K(37376K) Class: 4803K(5040K)->4803K(5040K)
[2021-08-04T19:05:10.328-0900][gc          ] GC(9) Pause Young (Normal) (G1 Evacuation Pause) 220M->147M(1024M) 5.439ms
[2021-08-04T19:05:10.328-0900][gc,cpu      ] GC(9) User=0.03s Sys=0.01s Real=0.00s
[2021-08-04T20:00:04.144-0900][gc,start    ] GC(10) Pause Young (Normal) (G1 Evacuation Pause)
[2021-08-04T20:00:04.145-0900][gc,task     ] GC(10) Using 10 workers of 10 for evacuation
[2021-08-04T20:00:04.150-0900][gc,phases   ] GC(10)   Pre Evacuate Collection Set: 0.3ms
[2021-08-04T20:00:04.150-0900][gc,phases   ] GC(10)   Merge Heap Roots: 0.2ms
[2021-08-04T20:00:04.150-0900][gc,phases   ] GC(10)   Evacuate Collection Set: 3.7ms
[2021-08-04T20:00:04.150-0900][gc,phases   ] GC(10)   Post Evacuate Collection Set: 0.7ms
[2021-08-04T20:00:04.150-0900][gc,phases   ] GC(10)   Other: 1.3ms
[2021-08-04T20:00:04.150-0900][gc,heap     ] GC(10) Eden regions: 240->0(462)
[2021-08-04T20:00:04.150-0900][gc,heap     ] GC(10) Survivor regions: 3->4(31)
[2021-08-04T20:00:04.150-0900][gc,heap     ] GC(10) Old regions: 16->16
[2021-08-04T20:00:04.150-0900][gc,heap     ] GC(10) Archive regions: 2->2
[2021-08-04T20:00:04.150-0900][gc,heap     ] GC(10) Humongous regions: 129->129
[2021-08-04T20:00:04.150-0900][gc,metaspace] GC(10) Metaspace: 41474K(42800K)->41474K(42800K) NonClass: 36664K(37632K)->36664K(37632K) Class: 4809K(5168K)->4809K(5168K)
[2021-08-04T20:00:04.150-0900][gc          ] GC(10) Pause Young (Normal) (G1 Evacuation Pause) 387M->148M(1024M) 6.278ms
[2021-08-04T20:00:04.150-0900][gc,cpu      ] GC(10) User=0.03s Sys=0.01s Real=0.01s
[2021-08-05T03:33:33.536-0900][gc,start    ] GC(11) Pause Young (Normal) (G1 Evacuation Pause)
[2021-08-05T03:33:33.537-0900][gc,task     ] GC(11) Using 10 workers of 10 for evacuation
[2021-08-05T03:33:33.569-0900][gc,mmu      ] GC(11) MMU target violated: 21.0ms (20.0ms/21.0ms)
[2021-08-05T03:33:33.569-0900][gc,phases   ] GC(11)   Pre Evacuate Collection Set: 2.3ms
[2021-08-05T03:33:33.569-0900][gc,phases   ] GC(11)   Merge Heap Roots: 0.3ms
[2021-08-05T03:33:33.569-0900][gc,phases   ] GC(11)   Evacuate Collection Set: 28.4ms
[2021-08-05T03:33:33.569-0900][gc,phases   ] GC(11)   Post Evacuate Collection Set: 0.9ms
[2021-08-05T03:33:33.569-0900][gc,phases   ] GC(11)   Other: 1.9ms
[2021-08-05T03:33:33.569-0900][gc,heap     ] GC(11) Eden regions: 462->0(47)
[2021-08-05T03:33:33.569-0900][gc,heap     ] GC(11) Survivor regions: 4->5(59)
[2021-08-05T03:33:33.569-0900][gc,heap     ] GC(11) Old regions: 16->16
[2021-08-05T03:33:33.569-0900][gc,heap     ] GC(11) Archive regions: 2->2
[2021-08-05T03:33:33.569-0900][gc,heap     ] GC(11) Humongous regions: 129->129
[2021-08-05T03:33:33.569-0900][gc,metaspace] GC(11) Metaspace: 41640K(42800K)->41640K(42800K) NonClass: 36811K(37632K)->36811K(37632K) Class: 4828K(5168K)->4828K(5168K)
[2021-08-05T03:33:33.569-0900][gc          ] GC(11) Pause Young (Normal) (G1 Evacuation Pause) 610M->148M(1024M) 33.853ms
[2021-08-05T03:33:33.570-0900][gc,cpu      ] GC(11) User=0.03s Sys=0.14s Real=0.04s
[2021-08-05T04:15:33.592-0900][gc,start    ] GC(12) Pause Young (Normal) (G1 Evacuation Pause)
[2021-08-05T04:15:33.593-0900][gc,task     ] GC(12) Using 10 workers of 10 for evacuation
[2021-08-05T04:15:33.602-0900][gc,phases   ] GC(12)   Pre Evacuate Collection Set: 0.3ms
[2021-08-05T04:15:33.602-0900][gc,phases   ] GC(12)   Merge Heap Roots: 0.1ms
[2021-08-05T04:15:33.602-0900][gc,phases   ] GC(12)   Evacuate Collection Set: 7.7ms
[2021-08-05T04:15:33.602-0900][gc,phases   ] GC(12)   Post Evacuate Collection Set: 0.4ms
[2021-08-05T04:15:33.602-0900][gc,phases   ] GC(12)   Other: 1.2ms
[2021-08-05T04:15:33.602-0900][gc,heap     ] GC(12) Eden regions: 47->0(318)
[2021-08-05T04:15:33.602-0900][gc,heap     ] GC(12) Survivor regions: 5->4(7)
[2021-08-05T04:15:33.602-0900][gc,heap     ] GC(12) Old regions: 16->16
[2021-08-05T04:15:33.602-0900][gc,heap     ] GC(12) Archive regions: 2->2
[2021-08-05T04:15:33.602-0900][gc,heap     ] GC(12) Humongous regions: 129->129
[2021-08-05T04:15:33.602-0900][gc,metaspace] GC(12) Metaspace: 41663K(42800K)->41663K(42800K) NonClass: 36834K(37632K)->36834K(37632K) Class: 4829K(5168K)->4829K(5168K)
[2021-08-05T04:15:33.602-0900][gc          ] GC(12) Pause Young (Normal) (G1 Evacuation Pause) 195M->148M(1024M) 9.914ms
[2021-08-05T04:15:33.602-0900][gc,cpu      ] GC(12) User=0.02s Sys=0.03s Real=0.01s
[2021-08-05T12:07:44.451-0900][gc,start    ] GC(13) Pause Young (Normal) (G1 Evacuation Pause)
[2021-08-05T12:07:44.452-0900][gc,task     ] GC(13) Using 10 workers of 10 for evacuation
[2021-08-05T12:07:44.459-0900][gc,phases   ] GC(13)   Pre Evacuate Collection Set: 0.3ms
[2021-08-05T12:07:44.459-0900][gc,phases   ] GC(13)   Merge Heap Roots: 0.1ms
[2021-08-05T12:07:44.459-0900][gc,phases   ] GC(13)   Evacuate Collection Set: 6.3ms
[2021-08-05T12:07:44.459-0900][gc,phases   ] GC(13)   Post Evacuate Collection Set: 0.4ms
[2021-08-05T12:07:44.459-0900][gc,phases   ] GC(13)   Other: 1.3ms
[2021-08-05T12:07:44.459-0900][gc,heap     ] GC(13) Eden regions: 318->0(439)
[2021-08-05T12:07:44.459-0900][gc,heap     ] GC(13) Survivor regions: 4->4(41)
[2021-08-05T12:07:44.459-0900][gc,heap     ] GC(13) Old regions: 16->16
[2021-08-05T12:07:44.459-0900][gc,heap     ] GC(13) Archive regions: 2->2
[2021-08-05T12:07:44.459-0900][gc,heap     ] GC(13) Humongous regions: 129->129
[2021-08-05T12:07:44.459-0900][gc,metaspace] GC(13) Metaspace: 41889K(43056K)->41889K(43056K) NonClass: 37050K(37888K)->37050K(37888K) Class: 4839K(5168K)->4839K(5168K)
[2021-08-05T12:07:44.459-0900][gc          ] GC(13) Pause Young (Normal) (G1 Evacuation Pause) 466M->149M(1024M) 8.538ms
[2021-08-05T12:07:44.459-0900][gc,cpu      ] GC(13) User=0.02s Sys=0.02s Real=0.00s
[2021-08-05T14:00:22.538-0900][gc,start    ] GC(14) Pause Young (Normal) (G1 Evacuation Pause)
[2021-08-05T14:00:22.539-0900][gc,task     ] GC(14) Using 10 workers of 10 for evacuation
[2021-08-05T14:00:22.547-0900][gc,phases   ] GC(14)   Pre Evacuate Collection Set: 0.2ms
[2021-08-05T14:00:22.547-0900][gc,phases   ] GC(14)   Merge Heap Roots: 0.1ms
[2021-08-05T14:00:22.547-0900][gc,phases   ] GC(14)   Evacuate Collection Set: 6.7ms
[2021-08-05T14:00:22.547-0900][gc,phases   ] GC(14)   Post Evacuate Collection Set: 0.6ms
[2021-08-05T14:00:22.547-0900][gc,phases   ] GC(14)   Other: 1.1ms
[2021-08-05T14:00:22.547-0900][gc,heap     ] GC(14) Eden regions: 439->0(442)
[2021-08-05T14:00:22.547-0900][gc,heap     ] GC(14) Survivor regions: 4->5(56)
[2021-08-05T14:00:22.547-0900][gc,heap     ] GC(14) Old regions: 16->16
[2021-08-05T14:00:22.547-0900][gc,heap     ] GC(14) Archive regions: 2->2
[2021-08-05T14:00:22.547-0900][gc,heap     ] GC(14) Humongous regions: 129->129
[2021-08-05T14:00:22.547-0900][gc,metaspace] GC(14) Metaspace: 41948K(43056K)->41948K(43056K) NonClass: 37106K(37888K)->37106K(37888K) Class: 4842K(5168K)->4842K(5168K)
[2021-08-05T14:00:22.547-0900][gc          ] GC(14) Pause Young (Normal) (G1 Evacuation Pause) 588M->149M(1024M) 8.900ms
[2021-08-05T14:00:22.547-0900][gc,cpu      ] GC(14) User=0.03s Sys=0.03s Real=0.01s
[2021-08-05T14:39:40.855-0900][gc,start    ] GC(15) Pause Young (Normal) (G1 Evacuation Pause)
[2021-08-05T14:39:40.856-0900][gc,task     ] GC(15) Using 10 workers of 10 for evacuation
[2021-08-05T14:39:40.865-0900][gc,phases   ] GC(15)   Pre Evacuate Collection Set: 0.3ms
[2021-08-05T14:39:40.865-0900][gc,phases   ] GC(15)   Merge Heap Roots: 0.2ms
[2021-08-05T14:39:40.865-0900][gc,phases   ] GC(15)   Evacuate Collection Set: 8.1ms
[2021-08-05T14:39:40.865-0900][gc,phases   ] GC(15)   Post Evacuate Collection Set: 0.6ms
[2021-08-05T14:39:40.865-0900][gc,phases   ] GC(15)   Other: 1.3ms
[2021-08-05T14:39:40.865-0900][gc,heap     ] GC(15) Eden regions: 442->0(449)
[2021-08-05T14:39:40.865-0900][gc,heap     ] GC(15) Survivor regions: 5->6(56)
[2021-08-05T14:39:40.865-0900][gc,heap     ] GC(15) Old regions: 16->16
[2021-08-05T14:39:40.865-0900][gc,heap     ] GC(15) Archive regions: 2->2
[2021-08-05T14:39:40.865-0900][gc,heap     ] GC(15) Humongous regions: 129->129
[2021-08-05T14:39:40.865-0900][gc,metaspace] GC(15) Metaspace: 42003K(43312K)->42003K(43312K) NonClass: 37159K(38144K)->37159K(38144K) Class: 4844K(5168K)->4844K(5168K)
[2021-08-05T14:39:40.865-0900][gc          ] GC(15) Pause Young (Normal) (G1 Evacuation Pause) 591M->150M(1024M) 10.523ms
[2021-08-05T14:39:40.865-0900][gc,cpu      ] GC(15) User=0.04s Sys=0.03s Real=0.01s
[2021-08-05T15:20:04.181-0900][gc,start    ] GC(16) Pause Young (Normal) (G1 Evacuation Pause)
[2021-08-05T15:20:04.182-0900][gc,task     ] GC(16) Using 10 workers of 10 for evacuation
[2021-08-05T15:20:04.194-0900][gc,phases   ] GC(16)   Pre Evacuate Collection Set: 0.3ms
[2021-08-05T15:20:04.194-0900][gc,phases   ] GC(16)   Merge Heap Roots: 0.2ms
[2021-08-05T15:20:04.194-0900][gc,phases   ] GC(16)   Evacuate Collection Set: 10.2ms
[2021-08-05T15:20:04.194-0900][gc,phases   ] GC(16)   Post Evacuate Collection Set: 0.6ms
[2021-08-05T15:20:04.194-0900][gc,phases   ] GC(16)   Other: 1.2ms
[2021-08-05T15:20:04.194-0900][gc,heap     ] GC(16) Eden regions: 449->0(442)
[2021-08-05T15:20:04.194-0900][gc,heap     ] GC(16) Survivor regions: 6->7(57)
[2021-08-05T15:20:04.194-0900][gc,heap     ] GC(16) Old regions: 16->16
[2021-08-05T15:20:04.194-0900][gc,heap     ] GC(16) Archive regions: 2->2
[2021-08-05T15:20:04.194-0900][gc,heap     ] GC(16) Humongous regions: 129->129
[2021-08-05T15:20:04.194-0900][gc,metaspace] GC(16) Metaspace: 42018K(43312K)->42018K(43312K) NonClass: 37174K(38144K)->37174K(38144K) Class: 4844K(5168K)->4844K(5168K)
[2021-08-05T15:20:04.194-0900][gc          ] GC(16) Pause Young (Normal) (G1 Evacuation Pause) 599M->151M(1024M) 12.668ms
[2021-08-05T15:20:04.194-0900][gc,cpu      ] GC(16) User=0.04s Sys=0.04s Real=0.01s
[2021-08-05T15:54:50.134-0900][gc,start    ] GC(17) Pause Young (Normal) (G1 Evacuation Pause)
[2021-08-05T15:54:50.135-0900][gc,task     ] GC(17) Using 10 workers of 10 for evacuation
[2021-08-05T15:54:50.141-0900][gc,phases   ] GC(17)   Pre Evacuate Collection Set: 0.3ms
[2021-08-05T15:54:50.141-0900][gc,phases   ] GC(17)   Merge Heap Roots: 0.1ms
[2021-08-05T15:54:50.141-0900][gc,phases   ] GC(17)   Evacuate Collection Set: 4.7ms
[2021-08-05T15:54:50.141-0900][gc,phases   ] GC(17)   Post Evacuate Collection Set: 0.7ms
[2021-08-05T15:54:50.141-0900][gc,phases   ] GC(17)   Other: 1.1ms
[2021-08-05T15:54:50.141-0900][gc,heap     ] GC(17) Eden regions: 442->0(566)
[2021-08-05T15:54:50.141-0900][gc,heap     ] GC(17) Survivor regions: 7->6(57)
[2021-08-05T15:54:50.141-0900][gc,heap     ] GC(17) Old regions: 16->16
[2021-08-05T15:54:50.141-0900][gc,heap     ] GC(17) Archive regions: 2->2
[2021-08-05T15:54:50.141-0900][gc,heap     ] GC(17) Humongous regions: 129->129
[2021-08-05T15:54:50.141-0900][gc,metaspace] GC(17) Metaspace: 42046K(43312K)->42046K(43312K) NonClass: 37202K(38144K)->37202K(38144K) Class: 4844K(5168K)->4844K(5168K)
[2021-08-05T15:54:50.141-0900][gc          ] GC(17) Pause Young (Normal) (G1 Evacuation Pause) 593M->150M(1024M) 7.170ms
[2021-08-05T15:54:50.141-0900][gc,cpu      ] GC(17) User=0.03s Sys=0.01s Real=0.01s
[2021-08-05T16:38:45.201-0900][gc,start    ] GC(18) Pause Young (Normal) (G1 Evacuation Pause)
[2021-08-05T16:38:45.202-0900][gc,task     ] GC(18) Using 10 workers of 10 for evacuation
[2021-08-05T16:38:45.206-0900][gc,phases   ] GC(18)   Pre Evacuate Collection Set: 0.2ms
[2021-08-05T16:38:45.206-0900][gc,phases   ] GC(18)   Merge Heap Roots: 0.1ms
[2021-08-05T16:38:45.206-0900][gc,phases   ] GC(18)   Evacuate Collection Set: 2.7ms
[2021-08-05T16:38:45.206-0900][gc,phases   ] GC(18)   Post Evacuate Collection Set: 0.8ms
[2021-08-05T16:38:45.206-0900][gc,phases   ] GC(18)   Other: 1.0ms
[2021-08-05T16:38:45.206-0900][gc,heap     ] GC(18) Eden regions: 566->0(609)
[2021-08-05T16:38:45.206-0900][gc,heap     ] GC(18) Survivor regions: 6->5(72)
[2021-08-05T16:38:45.206-0900][gc,heap     ] GC(18) Old regions: 16->16
[2021-08-05T16:38:45.206-0900][gc,heap     ] GC(18) Archive regions: 2->2
[2021-08-05T16:38:45.206-0900][gc,heap     ] GC(18) Humongous regions: 129->129
[2021-08-05T16:38:45.206-0900][gc,metaspace] GC(18) Metaspace: 42142K(43312K)->42142K(43312K) NonClass: 37295K(38144K)->37295K(38144K) Class: 4846K(5168K)->4846K(5168K)
[2021-08-05T16:38:45.206-0900][gc          ] GC(18) Pause Young (Normal) (G1 Evacuation Pause) 716M->149M(1024M) 5.170ms
[2021-08-05T16:38:45.206-0900][gc,cpu      ] GC(18) User=0.02s Sys=0.01s Real=0.00s
[2021-08-05T17:43:19.920-0900][gc,heap,exit] Heap
[2021-08-05T17:43:19.920-0900][gc,heap,exit]  garbage-first heap   total 1048576K, used 520151K [0x00000007c0000000, 0x0000000800000000)
[2021-08-05T17:43:19.920-0900][gc,heap,exit]   region size 1024K, 364 young (372736K), 5 survivors (5120K)
[2021-08-05T17:43:19.920-0900][gc,heap,exit]  Metaspace       used 43223K, capacity 43847K, committed 44464K, reserved 1089536K
[2021-08-05T17:43:19.920-0900][gc,heap,exit]   class space    used 5009K, capacity 5237K, committed 5296K, reserved 1048576K
