[2021-08-05T17:41:41.291-0900][gc] Using G1
[2021-08-05T17:41:41.298-0900][gc,init] Version: 15.0.2+7 (release)
[2021-08-05T17:41:41.298-0900][gc,init] CPUs: 12 total, 12 available
[2021-08-05T17:41:41.298-0900][gc,init] Memory: 16384M
[2021-08-05T17:41:41.298-0900][gc,init] Large Page Support: Disabled
[2021-08-05T17:41:41.298-0900][gc,init] NUMA Support: Disabled
[2021-08-05T17:41:41.298-0900][gc,init] Compressed Oops: Enabled (Zero based)
[2021-08-05T17:41:41.298-0900][gc,init] Heap Region Size: 1M
[2021-08-05T17:41:41.298-0900][gc,init] Heap Min Capacity: 1G
[2021-08-05T17:41:41.298-0900][gc,init] Heap Initial Capacity: 1G
[2021-08-05T17:41:41.298-0900][gc,init] Heap Max Capacity: 1G
[2021-08-05T17:41:41.298-0900][gc,init] Pre-touch: Disabled
[2021-08-05T17:41:41.298-0900][gc,init] Parallel Workers: 10
[2021-08-05T17:41:41.298-0900][gc,init] Concurrent Workers: 3
[2021-08-05T17:41:41.298-0900][gc,init] Concurrent Refinement Workers: 10
[2021-08-05T17:41:41.298-0900][gc,init] Periodic GC: Disabled
[2021-08-05T17:41:41.298-0900][gc,cds ] Mark closed archive regions in map: [0x00000007fff00000, 0x00000007fff78ff8]
[2021-08-05T17:41:41.298-0900][gc,cds ] Mark open archive regions in map: [0x00000007ffe00000, 0x00000007ffe50ff8]
[2021-08-05T17:41:41.298-0900][gc,metaspace] CDS archive(s) mapped at: [0x0000000800000000-0x0000000800b2f000-0x0000000800b2f000), size 11726848, SharedBaseAddress: 0x0000000800000000, ArchiveRelocationMode: 0.
[2021-08-05T17:41:41.298-0900][gc,metaspace] Compressed class space mapped at: 0x0000000800b30000-0x0000000840b30000, size: 1073741824
[2021-08-05T17:41:41.298-0900][gc,metaspace] Narrow klass base: 0x0000000800000000, Narrow klass shift: 3, Narrow klass range: 0x100000000
[2021-08-05T17:41:47.488-0900][gc,start    ] GC(0) Pause Young (Normal) (G1 Evacuation Pause)
[2021-08-05T17:41:47.488-0900][gc,task     ] GC(0) Using 10 workers of 10 for evacuation
[2021-08-05T17:41:47.493-0900][gc,phases   ] GC(0)   Pre Evacuate Collection Set: 0.1ms
[2021-08-05T17:41:47.493-0900][gc,phases   ] GC(0)   Merge Heap Roots: 0.0ms
[2021-08-05T17:41:47.493-0900][gc,phases   ] GC(0)   Evacuate Collection Set: 3.7ms
[2021-08-05T17:41:47.493-0900][gc,phases   ] GC(0)   Post Evacuate Collection Set: 0.4ms
[2021-08-05T17:41:47.493-0900][gc,phases   ] GC(0)   Other: 0.5ms
[2021-08-05T17:41:47.493-0900][gc,heap     ] GC(0) Eden regions: 51->0(44)
[2021-08-05T17:41:47.493-0900][gc,heap     ] GC(0) Survivor regions: 0->7(7)
[2021-08-05T17:41:47.493-0900][gc,heap     ] GC(0) Old regions: 0->0
[2021-08-05T17:41:47.493-0900][gc,heap     ] GC(0) Archive regions: 2->2
[2021-08-05T17:41:47.493-0900][gc,heap     ] GC(0) Humongous regions: 0->0
[2021-08-05T17:41:47.493-0900][gc,metaspace] GC(0) Metaspace: 18991K(19584K)->18991K(19584K) NonClass: 16711K(17152K)->16711K(17152K) Class: 2280K(2432K)->2280K(2432K)
[2021-08-05T17:41:47.493-0900][gc          ] GC(0) Pause Young (Normal) (G1 Evacuation Pause) 51M->7M(1024M) 4.910ms
[2021-08-05T17:41:47.493-0900][gc,cpu      ] GC(0) User=0.02s Sys=0.01s Real=0.01s
[2021-08-05T17:41:51.580-0900][gc,start    ] GC(1) Pause Young (Concurrent Start) (Metadata GC Threshold)
[2021-08-05T17:41:51.580-0900][gc,task     ] GC(1) Using 10 workers of 10 for evacuation
[2021-08-05T17:41:51.586-0900][gc,phases   ] GC(1)   Pre Evacuate Collection Set: 0.1ms
[2021-08-05T17:41:51.586-0900][gc,phases   ] GC(1)   Merge Heap Roots: 0.1ms
[2021-08-05T17:41:51.586-0900][gc,phases   ] GC(1)   Evacuate Collection Set: 5.0ms
[2021-08-05T17:41:51.586-0900][gc,phases   ] GC(1)   Post Evacuate Collection Set: 0.4ms
[2021-08-05T17:41:51.586-0900][gc,phases   ] GC(1)   Other: 0.2ms
[2021-08-05T17:41:51.586-0900][gc,heap     ] GC(1) Eden regions: 7->0(50)
[2021-08-05T17:41:51.586-0900][gc,heap     ] GC(1) Survivor regions: 7->1(7)
[2021-08-05T17:41:51.586-0900][gc,heap     ] GC(1) Old regions: 0->7
[2021-08-05T17:41:51.586-0900][gc,heap     ] GC(1) Archive regions: 2->2
[2021-08-05T17:41:51.586-0900][gc,heap     ] GC(1) Humongous regions: 0->0
[2021-08-05T17:41:51.586-0900][gc,metaspace] GC(1) Metaspace: 20690K(21248K)->20690K(21248K) NonClass: 18206K(18688K)->18206K(18688K) Class: 2484K(2560K)->2484K(2560K)
[2021-08-05T17:41:51.586-0900][gc          ] GC(1) Pause Young (Concurrent Start) (Metadata GC Threshold) 14M->8M(1024M) 5.956ms
[2021-08-05T17:41:51.586-0900][gc,cpu      ] GC(1) User=0.03s Sys=0.02s Real=0.00s
[2021-08-05T17:41:51.586-0900][gc          ] GC(2) Concurrent Cycle
[2021-08-05T17:41:51.586-0900][gc,marking  ] GC(2) Concurrent Clear Claimed Marks
[2021-08-05T17:41:51.586-0900][gc,marking  ] GC(2) Concurrent Clear Claimed Marks 0.018ms
[2021-08-05T17:41:51.586-0900][gc,marking  ] GC(2) Concurrent Scan Root Regions
[2021-08-05T17:41:51.588-0900][gc,marking  ] GC(2) Concurrent Scan Root Regions 1.770ms
[2021-08-05T17:41:51.588-0900][gc,marking  ] GC(2) Concurrent Mark (10.304s)
[2021-08-05T17:41:51.588-0900][gc,marking  ] GC(2) Concurrent Mark From Roots
[2021-08-05T17:41:51.588-0900][gc,task     ] GC(2) Using 3 workers of 3 for marking
[2021-08-05T17:41:51.589-0900][gc,marking  ] GC(2) Concurrent Mark From Roots 0.979ms
[2021-08-05T17:41:51.589-0900][gc,marking  ] GC(2) Concurrent Preclean
[2021-08-05T17:41:51.589-0900][gc,marking  ] GC(2) Concurrent Preclean 0.036ms
[2021-08-05T17:41:51.589-0900][gc,marking  ] GC(2) Concurrent Mark (10.304s, 10.305s) 1.065ms
[2021-08-05T17:41:51.589-0900][gc,start    ] GC(2) Pause Remark
[2021-08-05T17:41:51.590-0900][gc          ] GC(2) Pause Remark 9M->9M(1024M) 0.731ms
[2021-08-05T17:41:51.590-0900][gc,cpu      ] GC(2) User=0.00s Sys=0.00s Real=0.01s
[2021-08-05T17:41:51.590-0900][gc,marking  ] GC(2) Concurrent Rebuild Remembered Sets
[2021-08-05T17:41:51.592-0900][gc,marking  ] GC(2) Concurrent Rebuild Remembered Sets 1.599ms
[2021-08-05T17:41:51.592-0900][gc,start    ] GC(2) Pause Cleanup
[2021-08-05T17:41:51.592-0900][gc          ] GC(2) Pause Cleanup 9M->9M(1024M) 0.120ms
[2021-08-05T17:41:51.592-0900][gc,cpu      ] GC(2) User=0.00s Sys=0.00s Real=0.00s
[2021-08-05T17:41:51.592-0900][gc,marking  ] GC(2) Concurrent Cleanup for Next Mark
[2021-08-05T17:41:51.597-0900][gc,marking  ] GC(2) Concurrent Cleanup for Next Mark 4.895ms
[2021-08-05T17:41:51.597-0900][gc          ] GC(2) Concurrent Cycle 10.986ms
[2021-08-05T17:41:51.597-0900][gc,heap,exit] Heap
[2021-08-05T17:41:51.597-0900][gc,heap,exit]  garbage-first heap   total 1048576K, used 9736K [0x00000007c0000000, 0x0000000800000000)
[2021-08-05T17:41:51.597-0900][gc,heap,exit]   region size 1024K, 3 young (3072K), 1 survivors (1024K)
[2021-08-05T17:41:51.597-0900][gc,heap,exit]  Metaspace       used 20729K, capacity 20992K, committed 21504K, reserved 1069056K
[2021-08-05T17:41:51.598-0900][gc,heap,exit]   class space    used 2489K, capacity 2557K, committed 2560K, reserved 1048576K
