[2021-08-05T17:43:10.705-0900][gc] Using G1
[2021-08-05T17:43:10.712-0900][gc,init] Version: 15.0.2+7 (release)
[2021-08-05T17:43:10.712-0900][gc,init] CPUs: 12 total, 12 available
[2021-08-05T17:43:10.712-0900][gc,init] Memory: 16384M
[2021-08-05T17:43:10.712-0900][gc,init] Large Page Support: Disabled
[2021-08-05T17:43:10.712-0900][gc,init] NUMA Support: Disabled
[2021-08-05T17:43:10.713-0900][gc,init] Compressed Oops: Enabled (Zero based)
[2021-08-05T17:43:10.713-0900][gc,init] Heap Region Size: 1M
[2021-08-05T17:43:10.713-0900][gc,init] Heap Min Capacity: 1G
[2021-08-05T17:43:10.713-0900][gc,init] Heap Initial Capacity: 1G
[2021-08-05T17:43:10.713-0900][gc,init] Heap Max Capacity: 1G
[2021-08-05T17:43:10.713-0900][gc,init] Pre-touch: Disabled
[2021-08-05T17:43:10.713-0900][gc,init] Parallel Workers: 10
[2021-08-05T17:43:10.713-0900][gc,init] Concurrent Workers: 3
[2021-08-05T17:43:10.713-0900][gc,init] Concurrent Refinement Workers: 10
[2021-08-05T17:43:10.713-0900][gc,init] Periodic GC: Disabled
[2021-08-05T17:43:10.713-0900][gc,cds ] Mark closed archive regions in map: [0x00000007fff00000, 0x00000007fff78ff8]
[2021-08-05T17:43:10.713-0900][gc,cds ] Mark open archive regions in map: [0x00000007ffe00000, 0x00000007ffe50ff8]
[2021-08-05T17:43:10.713-0900][gc,metaspace] CDS archive(s) mapped at: [0x0000000800000000-0x0000000800b2f000-0x0000000800b2f000), size 11726848, SharedBaseAddress: 0x0000000800000000, ArchiveRelocationMode: 0.
[2021-08-05T17:43:10.713-0900][gc,metaspace] Compressed class space mapped at: 0x0000000800b30000-0x0000000840b30000, size: 1073741824
[2021-08-05T17:43:10.713-0900][gc,metaspace] Narrow klass base: 0x0000000800000000, Narrow klass shift: 3, Narrow klass range: 0x100000000
[2021-08-05T17:43:17.036-0900][gc,start    ] GC(0) Pause Young (Normal) (G1 Evacuation Pause)
[2021-08-05T17:43:17.037-0900][gc,task     ] GC(0) Using 10 workers of 10 for evacuation
[2021-08-05T17:43:17.041-0900][gc,phases   ] GC(0)   Pre Evacuate Collection Set: 0.1ms
[2021-08-05T17:43:17.041-0900][gc,phases   ] GC(0)   Merge Heap Roots: 0.0ms
[2021-08-05T17:43:17.041-0900][gc,phases   ] GC(0)   Evacuate Collection Set: 3.4ms
[2021-08-05T17:43:17.041-0900][gc,phases   ] GC(0)   Post Evacuate Collection Set: 0.3ms
[2021-08-05T17:43:17.041-0900][gc,phases   ] GC(0)   Other: 0.5ms
[2021-08-05T17:43:17.041-0900][gc,heap     ] GC(0) Eden regions: 51->0(44)
[2021-08-05T17:43:17.041-0900][gc,heap     ] GC(0) Survivor regions: 0->7(7)
[2021-08-05T17:43:17.041-0900][gc,heap     ] GC(0) Old regions: 0->0
[2021-08-05T17:43:17.041-0900][gc,heap     ] GC(0) Archive regions: 2->2
[2021-08-05T17:43:17.041-0900][gc,heap     ] GC(0) Humongous regions: 0->0
[2021-08-05T17:43:17.041-0900][gc,metaspace] GC(0) Metaspace: 18984K(19584K)->18984K(19584K) NonClass: 16705K(17152K)->16705K(17152K) Class: 2279K(2432K)->2279K(2432K)
[2021-08-05T17:43:17.041-0900][gc          ] GC(0) Pause Young (Normal) (G1 Evacuation Pause) 51M->7M(1024M) 4.571ms
[2021-08-05T17:43:17.041-0900][gc,cpu      ] GC(0) User=0.03s Sys=0.01s Real=0.01s
[2021-08-05T17:43:17.133-0900][gc,start    ] GC(1) Pause Young (Concurrent Start) (Metadata GC Threshold)
[2021-08-05T17:43:17.133-0900][gc,task     ] GC(1) Using 10 workers of 10 for evacuation
[2021-08-05T17:43:17.139-0900][gc,phases   ] GC(1)   Pre Evacuate Collection Set: 0.1ms
[2021-08-05T17:43:17.139-0900][gc,phases   ] GC(1)   Merge Heap Roots: 0.1ms
[2021-08-05T17:43:17.139-0900][gc,phases   ] GC(1)   Evacuate Collection Set: 5.1ms
[2021-08-05T17:43:17.139-0900][gc,phases   ] GC(1)   Post Evacuate Collection Set: 0.3ms
[2021-08-05T17:43:17.139-0900][gc,phases   ] GC(1)   Other: 0.2ms
[2021-08-05T17:43:17.139-0900][gc,heap     ] GC(1) Eden regions: 7->0(50)
[2021-08-05T17:43:17.139-0900][gc,heap     ] GC(1) Survivor regions: 7->1(7)
[2021-08-05T17:43:17.139-0900][gc,heap     ] GC(1) Old regions: 0->7
[2021-08-05T17:43:17.139-0900][gc,heap     ] GC(1) Archive regions: 2->2
[2021-08-05T17:43:17.139-0900][gc,heap     ] GC(1) Humongous regions: 0->0
[2021-08-05T17:43:17.139-0900][gc,metaspace] GC(1) Metaspace: 20624K(21248K)->20624K(21248K) NonClass: 18148K(18688K)->18148K(18688K) Class: 2475K(2560K)->2475K(2560K)
[2021-08-05T17:43:17.139-0900][gc          ] GC(1) Pause Young (Concurrent Start) (Metadata GC Threshold) 14M->8M(1024M) 6.004ms
[2021-08-05T17:43:17.139-0900][gc,cpu      ] GC(1) User=0.03s Sys=0.02s Real=0.00s
[2021-08-05T17:43:17.139-0900][gc          ] GC(2) Concurrent Cycle
[2021-08-05T17:43:17.139-0900][gc,marking  ] GC(2) Concurrent Clear Claimed Marks
[2021-08-05T17:43:17.139-0900][gc,marking  ] GC(2) Concurrent Clear Claimed Marks 0.018ms
[2021-08-05T17:43:17.139-0900][gc,marking  ] GC(2) Concurrent Scan Root Regions
[2021-08-05T17:43:17.141-0900][gc,marking  ] GC(2) Concurrent Scan Root Regions 1.774ms
[2021-08-05T17:43:17.141-0900][gc,marking  ] GC(2) Concurrent Mark (6.444s)
[2021-08-05T17:43:17.141-0900][gc,marking  ] GC(2) Concurrent Mark From Roots
[2021-08-05T17:43:17.141-0900][gc,task     ] GC(2) Using 3 workers of 3 for marking
[2021-08-05T17:43:17.142-0900][gc,marking  ] GC(2) Concurrent Mark From Roots 0.952ms
[2021-08-05T17:43:17.142-0900][gc,marking  ] GC(2) Concurrent Preclean
[2021-08-05T17:43:17.142-0900][gc,marking  ] GC(2) Concurrent Preclean 0.034ms
[2021-08-05T17:43:17.142-0900][gc,marking  ] GC(2) Concurrent Mark (6.444s, 6.445s) 1.035ms
[2021-08-05T17:43:17.142-0900][gc,start    ] GC(2) Pause Remark
[2021-08-05T17:43:17.143-0900][gc          ] GC(2) Pause Remark 9M->9M(1024M) 0.734ms
[2021-08-05T17:43:17.143-0900][gc,cpu      ] GC(2) User=0.00s Sys=0.00s Real=0.00s
[2021-08-05T17:43:17.143-0900][gc,marking  ] GC(2) Concurrent Rebuild Remembered Sets
[2021-08-05T17:43:17.145-0900][gc,marking  ] GC(2) Concurrent Rebuild Remembered Sets 2.180ms
[2021-08-05T17:43:17.146-0900][gc,start    ] GC(2) Pause Cleanup
[2021-08-05T17:43:17.146-0900][gc          ] GC(2) Pause Cleanup 9M->9M(1024M) 0.194ms
[2021-08-05T17:43:17.146-0900][gc,cpu      ] GC(2) User=0.00s Sys=0.00s Real=0.00s
[2021-08-05T17:43:17.146-0900][gc,marking  ] GC(2) Concurrent Cleanup for Next Mark
[2021-08-05T17:43:17.151-0900][gc,marking  ] GC(2) Concurrent Cleanup for Next Mark 5.022ms
[2021-08-05T17:43:17.151-0900][gc          ] GC(2) Concurrent Cycle 11.950ms
[2021-08-05T17:43:17.989-0900][gc,start    ] GC(3) Pause Young (Normal) (G1 Evacuation Pause)
[2021-08-05T17:43:17.989-0900][gc,task     ] GC(3) Using 10 workers of 10 for evacuation
[2021-08-05T17:43:17.992-0900][gc,phases   ] GC(3)   Pre Evacuate Collection Set: 0.1ms
[2021-08-05T17:43:17.992-0900][gc,phases   ] GC(3)   Merge Heap Roots: 0.1ms
[2021-08-05T17:43:17.992-0900][gc,phases   ] GC(3)   Evacuate Collection Set: 1.9ms
[2021-08-05T17:43:17.992-0900][gc,phases   ] GC(3)   Post Evacuate Collection Set: 0.4ms
[2021-08-05T17:43:17.992-0900][gc,phases   ] GC(3)   Other: 0.1ms
[2021-08-05T17:43:17.992-0900][gc,heap     ] GC(3) Eden regions: 50->0(46)
[2021-08-05T17:43:17.992-0900][gc,heap     ] GC(3) Survivor regions: 1->5(7)
[2021-08-05T17:43:17.992-0900][gc,heap     ] GC(3) Old regions: 7->7
[2021-08-05T17:43:17.992-0900][gc,heap     ] GC(3) Archive regions: 2->2
[2021-08-05T17:43:17.992-0900][gc,heap     ] GC(3) Humongous regions: 129->129
[2021-08-05T17:43:17.992-0900][gc,metaspace] GC(3) Metaspace: 29685K(30592K)->29685K(30592K) NonClass: 26336K(27136K)->26336K(27136K) Class: 3349K(3456K)->3349K(3456K)
[2021-08-05T17:43:17.992-0900][gc          ] GC(3) Pause Young (Normal) (G1 Evacuation Pause) 187M->140M(1024M) 2.643ms
[2021-08-05T17:43:17.992-0900][gc,cpu      ] GC(3) User=0.03s Sys=0.00s Real=0.01s
[2021-08-05T17:43:18.279-0900][gc,start    ] GC(4) Pause Young (Concurrent Start) (Metadata GC Threshold)
[2021-08-05T17:43:18.279-0900][gc,task     ] GC(4) Using 10 workers of 10 for evacuation
[2021-08-05T17:43:18.283-0900][gc,phases   ] GC(4)   Pre Evacuate Collection Set: 0.1ms
[2021-08-05T17:43:18.283-0900][gc,phases   ] GC(4)   Merge Heap Roots: 0.1ms
[2021-08-05T17:43:18.283-0900][gc,phases   ] GC(4)   Evacuate Collection Set: 3.3ms
[2021-08-05T17:43:18.283-0900][gc,phases   ] GC(4)   Post Evacuate Collection Set: 0.3ms
[2021-08-05T17:43:18.283-0900][gc,phases   ] GC(4)   Other: 0.2ms
[2021-08-05T17:43:18.283-0900][gc,heap     ] GC(4) Eden regions: 23->0(48)
[2021-08-05T17:43:18.283-0900][gc,heap     ] GC(4) Survivor regions: 5->3(7)
[2021-08-05T17:43:18.283-0900][gc,heap     ] GC(4) Old regions: 7->11
[2021-08-05T17:43:18.283-0900][gc,heap     ] GC(4) Archive regions: 2->2
[2021-08-05T17:43:18.283-0900][gc,heap     ] GC(4) Humongous regions: 129->129
[2021-08-05T17:43:18.283-0900][gc,metaspace] GC(4) Metaspace: 34840K(35840K)->34840K(35840K) NonClass: 31009K(31872K)->31009K(31872K) Class: 3830K(3968K)->3830K(3968K)
[2021-08-05T17:43:18.283-0900][gc          ] GC(4) Pause Young (Concurrent Start) (Metadata GC Threshold) 163M->143M(1024M) 4.138ms
[2021-08-05T17:43:18.283-0900][gc,cpu      ] GC(4) User=0.03s Sys=0.01s Real=0.01s
[2021-08-05T17:43:18.283-0900][gc          ] GC(5) Concurrent Cycle
[2021-08-05T17:43:18.284-0900][gc,marking  ] GC(5) Concurrent Clear Claimed Marks
[2021-08-05T17:43:18.284-0900][gc,marking  ] GC(5) Concurrent Clear Claimed Marks 0.031ms
[2021-08-05T17:43:18.284-0900][gc,marking  ] GC(5) Concurrent Scan Root Regions
[2021-08-05T17:43:18.286-0900][gc,marking  ] GC(5) Concurrent Scan Root Regions 2.392ms
[2021-08-05T17:43:18.286-0900][gc,marking  ] GC(5) Concurrent Mark (7.589s)
[2021-08-05T17:43:18.286-0900][gc,marking  ] GC(5) Concurrent Mark From Roots
[2021-08-05T17:43:18.286-0900][gc,task     ] GC(5) Using 3 workers of 3 for marking
[2021-08-05T17:43:18.291-0900][gc,marking  ] GC(5) Concurrent Mark From Roots 4.890ms
[2021-08-05T17:43:18.291-0900][gc,marking  ] GC(5) Concurrent Preclean
[2021-08-05T17:43:18.291-0900][gc,marking  ] GC(5) Concurrent Preclean 0.077ms
[2021-08-05T17:43:18.291-0900][gc,marking  ] GC(5) Concurrent Mark (7.589s, 7.594s) 5.033ms
[2021-08-05T17:43:18.291-0900][gc,start    ] GC(5) Pause Remark
[2021-08-05T17:43:18.292-0900][gc          ] GC(5) Pause Remark 144M->144M(1024M) 1.083ms
[2021-08-05T17:43:18.292-0900][gc,cpu      ] GC(5) User=0.01s Sys=0.00s Real=0.00s
[2021-08-05T17:43:18.292-0900][gc,marking  ] GC(5) Concurrent Rebuild Remembered Sets
[2021-08-05T17:43:18.297-0900][gc,marking  ] GC(5) Concurrent Rebuild Remembered Sets 4.550ms
[2021-08-05T17:43:18.297-0900][gc,start    ] GC(5) Pause Cleanup
[2021-08-05T17:43:18.297-0900][gc          ] GC(5) Pause Cleanup 144M->144M(1024M) 0.158ms
[2021-08-05T17:43:18.297-0900][gc,cpu      ] GC(5) User=0.00s Sys=0.00s Real=0.00s
[2021-08-05T17:43:18.298-0900][gc,marking  ] GC(5) Concurrent Cleanup for Next Mark
[2021-08-05T17:43:18.304-0900][gc,marking  ] GC(5) Concurrent Cleanup for Next Mark 6.523ms
[2021-08-05T17:43:18.304-0900][gc          ] GC(5) Concurrent Cycle 20.625ms
[2021-08-05T17:44:38.103-0900][gc,start    ] GC(6) Pause Young (Normal) (G1 Evacuation Pause)
[2021-08-05T17:44:38.103-0900][gc,task     ] GC(6) Using 10 workers of 10 for evacuation
[2021-08-05T17:44:38.107-0900][gc,phases   ] GC(6)   Pre Evacuate Collection Set: 0.1ms
[2021-08-05T17:44:38.107-0900][gc,phases   ] GC(6)   Merge Heap Roots: 0.1ms
[2021-08-05T17:44:38.107-0900][gc,phases   ] GC(6)   Evacuate Collection Set: 3.4ms
[2021-08-05T17:44:38.107-0900][gc,phases   ] GC(6)   Post Evacuate Collection Set: 0.7ms
[2021-08-05T17:44:38.107-0900][gc,phases   ] GC(6)   Other: 0.2ms
[2021-08-05T17:44:38.107-0900][gc,heap     ] GC(6) Eden regions: 48->0(45)
[2021-08-05T17:44:38.107-0900][gc,heap     ] GC(6) Survivor regions: 3->6(7)
[2021-08-05T17:44:38.107-0900][gc,heap     ] GC(6) Old regions: 11->11
[2021-08-05T17:44:38.107-0900][gc,heap     ] GC(6) Archive regions: 2->2
[2021-08-05T17:44:38.107-0900][gc,heap     ] GC(6) Humongous regions: 171->129
[2021-08-05T17:44:38.107-0900][gc,metaspace] GC(6) Metaspace: 40588K(41676K)->40588K(41676K) NonClass: 35836K(36608K)->35836K(36608K) Class: 4752K(5068K)->4752K(5068K)
[2021-08-05T17:44:38.107-0900][gc          ] GC(6) Pause Young (Normal) (G1 Evacuation Pause) 233M->146M(1024M) 4.790ms
[2021-08-05T17:44:38.107-0900][gc,cpu      ] GC(6) User=0.03s Sys=0.00s Real=0.00s
[2021-08-05T17:47:28.476-0900][gc,start    ] GC(7) Pause Young (Normal) (G1 Evacuation Pause)
[2021-08-05T17:47:28.477-0900][gc,task     ] GC(7) Using 10 workers of 10 for evacuation
[2021-08-05T17:47:28.482-0900][gc,phases   ] GC(7)   Pre Evacuate Collection Set: 0.2ms
[2021-08-05T17:47:28.482-0900][gc,phases   ] GC(7)   Merge Heap Roots: 0.1ms
[2021-08-05T17:47:28.482-0900][gc,phases   ] GC(7)   Evacuate Collection Set: 4.0ms
[2021-08-05T17:47:28.482-0900][gc,phases   ] GC(7)   Post Evacuate Collection Set: 0.4ms
[2021-08-05T17:47:28.482-0900][gc,phases   ] GC(7)   Other: 1.0ms
[2021-08-05T17:47:28.482-0900][gc,heap     ] GC(7) Eden regions: 45->0(46)
[2021-08-05T17:47:28.482-0900][gc,heap     ] GC(7) Survivor regions: 6->5(7)
[2021-08-05T17:47:28.482-0900][gc,heap     ] GC(7) Old regions: 11->13
[2021-08-05T17:47:28.482-0900][gc,heap     ] GC(7) Archive regions: 2->2
[2021-08-05T17:47:28.482-0900][gc,heap     ] GC(7) Humongous regions: 129->129
[2021-08-05T17:47:28.482-0900][gc,metaspace] GC(7) Metaspace: 41098K(42188K)->41098K(42188K) NonClass: 36326K(37120K)->36326K(37120K) Class: 4772K(5068K)->4772K(5068K)
[2021-08-05T17:47:28.482-0900][gc          ] GC(7) Pause Young (Normal) (G1 Evacuation Pause) 191M->147M(1024M) 5.855ms
[2021-08-05T17:47:28.482-0900][gc,cpu      ] GC(7) User=0.04s Sys=0.00s Real=0.01s
[2021-08-05T17:50:31.326-0900][gc,start    ] GC(8) Pause Young (Normal) (G1 Evacuation Pause)
[2021-08-05T17:50:31.326-0900][gc,task     ] GC(8) Using 10 workers of 10 for evacuation
[2021-08-05T17:50:31.331-0900][gc,phases   ] GC(8)   Pre Evacuate Collection Set: 0.1ms
[2021-08-05T17:50:31.331-0900][gc,phases   ] GC(8)   Merge Heap Roots: 0.1ms
[2021-08-05T17:50:31.331-0900][gc,phases   ] GC(8)   Evacuate Collection Set: 3.9ms
[2021-08-05T17:50:31.331-0900][gc,phases   ] GC(8)   Post Evacuate Collection Set: 0.4ms
[2021-08-05T17:50:31.331-0900][gc,phases   ] GC(8)   Other: 1.0ms
[2021-08-05T17:50:31.331-0900][gc,heap     ] GC(8) Eden regions: 46->0(50)
[2021-08-05T17:50:31.331-0900][gc,heap     ] GC(8) Survivor regions: 5->4(7)
[2021-08-05T17:50:31.331-0900][gc,heap     ] GC(8) Old regions: 13->16
[2021-08-05T17:50:31.331-0900][gc,heap     ] GC(8) Archive regions: 2->2
[2021-08-05T17:50:31.331-0900][gc,heap     ] GC(8) Humongous regions: 129->129
[2021-08-05T17:50:31.331-0900][gc,metaspace] GC(8) Metaspace: 41164K(42444K)->41164K(42444K) NonClass: 36391K(37376K)->36391K(37376K) Class: 4773K(5068K)->4773K(5068K)
[2021-08-05T17:50:31.331-0900][gc          ] GC(8) Pause Young (Normal) (G1 Evacuation Pause) 193M->149M(1024M) 5.748ms
[2021-08-05T17:50:31.331-0900][gc,cpu      ] GC(8) User=0.04s Sys=0.00s Real=0.01s
[2021-08-05T17:53:50.642-0900][gc,start    ] GC(9) Pause Young (Normal) (G1 Evacuation Pause)
[2021-08-05T17:53:50.642-0900][gc,task     ] GC(9) Using 10 workers of 10 for evacuation
[2021-08-05T17:53:50.646-0900][gc,phases   ] GC(9)   Pre Evacuate Collection Set: 0.1ms
[2021-08-05T17:53:50.646-0900][gc,phases   ] GC(9)   Merge Heap Roots: 0.1ms
[2021-08-05T17:53:50.646-0900][gc,phases   ] GC(9)   Evacuate Collection Set: 2.9ms
[2021-08-05T17:53:50.646-0900][gc,phases   ] GC(9)   Post Evacuate Collection Set: 0.3ms
[2021-08-05T17:53:50.646-0900][gc,phases   ] GC(9)   Other: 0.9ms
[2021-08-05T17:53:50.646-0900][gc,heap     ] GC(9) Eden regions: 50->0(69)
[2021-08-05T17:53:50.646-0900][gc,heap     ] GC(9) Survivor regions: 4->5(7)
[2021-08-05T17:53:50.646-0900][gc,heap     ] GC(9) Old regions: 16->16
[2021-08-05T17:53:50.646-0900][gc,heap     ] GC(9) Archive regions: 2->2
[2021-08-05T17:53:50.646-0900][gc,heap     ] GC(9) Humongous regions: 129->129
[2021-08-05T17:53:50.646-0900][gc,metaspace] GC(9) Metaspace: 41287K(42444K)->41287K(42444K) NonClass: 36495K(37376K)->36495K(37376K) Class: 4791K(5068K)->4791K(5068K)
[2021-08-05T17:53:50.646-0900][gc          ] GC(9) Pause Young (Normal) (G1 Evacuation Pause) 199M->149M(1024M) 4.506ms
[2021-08-05T17:53:50.646-0900][gc,cpu      ] GC(9) User=0.03s Sys=0.00s Real=0.00s
[2021-08-05T17:59:06.879-0900][gc,start    ] GC(10) Pause Young (Normal) (G1 Evacuation Pause)
[2021-08-05T17:59:06.879-0900][gc,task     ] GC(10) Using 10 workers of 10 for evacuation
[2021-08-05T17:59:06.886-0900][gc,phases   ] GC(10)   Pre Evacuate Collection Set: 0.1ms
[2021-08-05T17:59:06.886-0900][gc,phases   ] GC(10)   Merge Heap Roots: 0.1ms
[2021-08-05T17:59:06.886-0900][gc,phases   ] GC(10)   Evacuate Collection Set: 5.4ms
[2021-08-05T17:59:06.886-0900][gc,phases   ] GC(10)   Post Evacuate Collection Set: 0.3ms
[2021-08-05T17:59:06.886-0900][gc,phases   ] GC(10)   Other: 1.2ms
[2021-08-05T17:59:06.886-0900][gc,heap     ] GC(10) Eden regions: 69->0(74)
[2021-08-05T17:59:06.886-0900][gc,heap     ] GC(10) Survivor regions: 5->8(10)
[2021-08-05T17:59:06.886-0900][gc,heap     ] GC(10) Old regions: 16->16
[2021-08-05T17:59:06.886-0900][gc,heap     ] GC(10) Archive regions: 2->2
[2021-08-05T17:59:06.886-0900][gc,heap     ] GC(10) Humongous regions: 129->129
[2021-08-05T17:59:06.886-0900][gc,metaspace] GC(10) Metaspace: 41335K(42444K)->41335K(42444K) NonClass: 36544K(37376K)->36544K(37376K) Class: 4791K(5068K)->4791K(5068K)
[2021-08-05T17:59:06.886-0900][gc          ] GC(10) Pause Young (Normal) (G1 Evacuation Pause) 218M->152M(1024M) 7.139ms
[2021-08-05T17:59:06.886-0900][gc,cpu      ] GC(10) User=0.04s Sys=0.01s Real=0.01s
[2021-08-05T18:04:26.526-0900][gc,start    ] GC(11) Pause Young (Normal) (G1 Evacuation Pause)
[2021-08-05T18:04:26.527-0900][gc,task     ] GC(11) Using 10 workers of 10 for evacuation
[2021-08-05T18:04:26.536-0900][gc,phases   ] GC(11)   Pre Evacuate Collection Set: 0.2ms
[2021-08-05T18:04:26.536-0900][gc,phases   ] GC(11)   Merge Heap Roots: 0.1ms
[2021-08-05T18:04:26.536-0900][gc,phases   ] GC(11)   Evacuate Collection Set: 8.2ms
[2021-08-05T18:04:26.536-0900][gc,phases   ] GC(11)   Post Evacuate Collection Set: 0.4ms
[2021-08-05T18:04:26.536-0900][gc,phases   ] GC(11)   Other: 1.1ms
[2021-08-05T18:04:26.536-0900][gc,heap     ] GC(11) Eden regions: 74->0(76)
[2021-08-05T18:04:26.536-0900][gc,heap     ] GC(11) Survivor regions: 8->9(11)
[2021-08-05T18:04:26.536-0900][gc,heap     ] GC(11) Old regions: 16->19
[2021-08-05T18:04:26.536-0900][gc,heap     ] GC(11) Archive regions: 2->2
[2021-08-05T18:04:26.536-0900][gc,heap     ] GC(11) Humongous regions: 129->129
[2021-08-05T18:04:26.536-0900][gc,metaspace] GC(11) Metaspace: 41392K(42444K)->41392K(42444K) NonClass: 36600K(37376K)->36600K(37376K) Class: 4791K(5068K)->4791K(5068K)
[2021-08-05T18:04:26.536-0900][gc          ] GC(11) Pause Young (Normal) (G1 Evacuation Pause) 226M->156M(1024M) 10.104ms
[2021-08-05T18:04:26.536-0900][gc,cpu      ] GC(11) User=0.06s Sys=0.01s Real=0.01s
[2021-08-05T18:09:47.999-0900][gc,start    ] GC(12) Pause Young (Normal) (G1 Evacuation Pause)
[2021-08-05T18:09:47.999-0900][gc,task     ] GC(12) Using 10 workers of 10 for evacuation
[2021-08-05T18:09:48.005-0900][gc,phases   ] GC(12)   Pre Evacuate Collection Set: 0.1ms
[2021-08-05T18:09:48.005-0900][gc,phases   ] GC(12)   Merge Heap Roots: 0.1ms
[2021-08-05T18:09:48.005-0900][gc,phases   ] GC(12)   Evacuate Collection Set: 4.9ms
[2021-08-05T18:09:48.005-0900][gc,phases   ] GC(12)   Post Evacuate Collection Set: 0.3ms
[2021-08-05T18:09:48.005-0900][gc,phases   ] GC(12)   Other: 0.5ms
[2021-08-05T18:09:48.005-0900][gc,heap     ] GC(12) Eden regions: 76->0(172)
[2021-08-05T18:09:48.005-0900][gc,heap     ] GC(12) Survivor regions: 9->6(11)
[2021-08-05T18:09:48.005-0900][gc,heap     ] GC(12) Old regions: 19->25
[2021-08-05T18:09:48.005-0900][gc,heap     ] GC(12) Archive regions: 2->2
[2021-08-05T18:09:48.005-0900][gc,heap     ] GC(12) Humongous regions: 129->129
[2021-08-05T18:09:48.005-0900][gc,metaspace] GC(12) Metaspace: 41435K(42444K)->41435K(42444K) NonClass: 36643K(37376K)->36643K(37376K) Class: 4791K(5068K)->4791K(5068K)
[2021-08-05T18:09:48.005-0900][gc          ] GC(12) Pause Young (Normal) (G1 Evacuation Pause) 232M->159M(1024M) 6.178ms
[2021-08-05T18:09:48.005-0900][gc,cpu      ] GC(12) User=0.05s Sys=0.00s Real=0.01s
[2021-08-05T18:22:02.631-0900][gc,start    ] GC(13) Pause Young (Normal) (G1 Evacuation Pause)
[2021-08-05T18:22:02.632-0900][gc,task     ] GC(13) Using 10 workers of 10 for evacuation
[2021-08-05T18:22:02.643-0900][gc,phases   ] GC(13)   Pre Evacuate Collection Set: 0.2ms
[2021-08-05T18:22:02.643-0900][gc,phases   ] GC(13)   Merge Heap Roots: 0.1ms
[2021-08-05T18:22:02.643-0900][gc,phases   ] GC(13)   Evacuate Collection Set: 9.9ms
[2021-08-05T18:22:02.643-0900][gc,phases   ] GC(13)   Post Evacuate Collection Set: 0.5ms
[2021-08-05T18:22:02.643-0900][gc,phases   ] GC(13)   Other: 1.0ms
[2021-08-05T18:22:02.643-0900][gc,heap     ] GC(13) Eden regions: 172->0(109)
[2021-08-05T18:22:02.643-0900][gc,heap     ] GC(13) Survivor regions: 6->14(23)
[2021-08-05T18:22:02.643-0900][gc,heap     ] GC(13) Old regions: 25->25
[2021-08-05T18:22:02.643-0900][gc,heap     ] GC(13) Archive regions: 2->2
[2021-08-05T18:22:02.643-0900][gc,heap     ] GC(13) Humongous regions: 129->129
[2021-08-05T18:22:02.643-0900][gc,metaspace] GC(13) Metaspace: 41474K(42700K)->41474K(42700K) NonClass: 36682K(37632K)->36682K(37632K) Class: 4791K(5068K)->4791K(5068K)
[2021-08-05T18:22:02.643-0900][gc          ] GC(13) Pause Young (Normal) (G1 Evacuation Pause) 331M->167M(1024M) 11.780ms
[2021-08-05T18:22:02.643-0900][gc,cpu      ] GC(13) User=0.08s Sys=0.02s Real=0.01s
[2021-08-05T18:29:46.845-0900][gc,start    ] GC(14) Pause Young (Normal) (G1 Evacuation Pause)
[2021-08-05T18:29:46.846-0900][gc,task     ] GC(14) Using 10 workers of 10 for evacuation
[2021-08-05T18:29:46.857-0900][gc,phases   ] GC(14)   Pre Evacuate Collection Set: 0.2ms
[2021-08-05T18:29:46.857-0900][gc,phases   ] GC(14)   Merge Heap Roots: 0.1ms
[2021-08-05T18:29:46.857-0900][gc,phases   ] GC(14)   Evacuate Collection Set: 10.2ms
[2021-08-05T18:29:46.857-0900][gc,phases   ] GC(14)   Post Evacuate Collection Set: 0.4ms
[2021-08-05T18:29:46.857-0900][gc,phases   ] GC(14)   Other: 1.0ms
[2021-08-05T18:29:46.857-0900][gc,heap     ] GC(14) Eden regions: 109->0(158)
[2021-08-05T18:29:46.857-0900][gc,heap     ] GC(14) Survivor regions: 14->7(16)
[2021-08-05T18:29:46.857-0900][gc,heap     ] GC(14) Old regions: 25->37
[2021-08-05T18:29:46.858-0900][gc,heap     ] GC(14) Archive regions: 2->2
[2021-08-05T18:29:46.858-0900][gc,heap     ] GC(14) Humongous regions: 129->129
[2021-08-05T18:29:46.858-0900][gc,metaspace] GC(14) Metaspace: 41507K(42700K)->41507K(42700K) NonClass: 36715K(37632K)->36715K(37632K) Class: 4791K(5068K)->4791K(5068K)
[2021-08-05T18:29:46.858-0900][gc          ] GC(14) Pause Young (Normal) (G1 Evacuation Pause) 276M->172M(1024M) 12.126ms
[2021-08-05T18:29:46.858-0900][gc,cpu      ] GC(14) User=0.08s Sys=0.01s Real=0.01s
[2021-08-05T18:40:30.831-0900][gc,start    ] GC(15) Pause Young (Normal) (G1 Evacuation Pause)
[2021-08-05T18:40:30.831-0900][gc,task     ] GC(15) Using 10 workers of 10 for evacuation
[2021-08-05T18:40:30.838-0900][gc,phases   ] GC(15)   Pre Evacuate Collection Set: 0.1ms
[2021-08-05T18:40:30.838-0900][gc,phases   ] GC(15)   Merge Heap Roots: 0.1ms
[2021-08-05T18:40:30.838-0900][gc,phases   ] GC(15)   Evacuate Collection Set: 6.1ms
[2021-08-05T18:40:30.838-0900][gc,phases   ] GC(15)   Post Evacuate Collection Set: 0.3ms
[2021-08-05T18:40:30.838-0900][gc,phases   ] GC(15)   Other: 0.2ms
[2021-08-05T18:40:30.838-0900][gc,heap     ] GC(15) Eden regions: 158->0(117)
[2021-08-05T18:40:30.838-0900][gc,heap     ] GC(15) Survivor regions: 7->16(21)
[2021-08-05T18:40:30.838-0900][gc,heap     ] GC(15) Old regions: 37->37
[2021-08-05T18:40:30.838-0900][gc,heap     ] GC(15) Archive regions: 2->2
[2021-08-05T18:40:30.838-0900][gc,heap     ] GC(15) Humongous regions: 129->129
[2021-08-05T18:40:30.838-0900][gc,metaspace] GC(15) Metaspace: 41707K(42828K)->41707K(42828K) NonClass: 36885K(37632K)->36885K(37632K) Class: 4822K(5196K)->4822K(5196K)
[2021-08-05T18:40:30.838-0900][gc          ] GC(15) Pause Young (Normal) (G1 Evacuation Pause) 330M->181M(1024M) 6.880ms
[2021-08-05T18:40:30.838-0900][gc,cpu      ] GC(15) User=0.06s Sys=0.01s Real=0.00s
[2021-08-05T18:47:38.998-0900][gc,start    ] GC(16) Pause Young (Normal) (G1 Evacuation Pause)
[2021-08-05T18:47:38.998-0900][gc,task     ] GC(16) Using 10 workers of 10 for evacuation
[2021-08-05T18:47:39.012-0900][gc,phases   ] GC(16)   Pre Evacuate Collection Set: 0.2ms
[2021-08-05T18:47:39.012-0900][gc,phases   ] GC(16)   Merge Heap Roots: 0.2ms
[2021-08-05T18:47:39.012-0900][gc,phases   ] GC(16)   Evacuate Collection Set: 12.2ms
[2021-08-05T18:47:39.012-0900][gc,phases   ] GC(16)   Post Evacuate Collection Set: 0.4ms
[2021-08-05T18:47:39.012-0900][gc,phases   ] GC(16)   Other: 1.1ms
[2021-08-05T18:47:39.012-0900][gc,heap     ] GC(16) Eden regions: 117->0(185)
[2021-08-05T18:47:39.012-0900][gc,heap     ] GC(16) Survivor regions: 16->9(17)
[2021-08-05T18:47:39.012-0900][gc,heap     ] GC(16) Old regions: 37->50
[2021-08-05T18:47:39.012-0900][gc,heap     ] GC(16) Archive regions: 2->2
[2021-08-05T18:47:39.012-0900][gc,heap     ] GC(16) Humongous regions: 129->129
[2021-08-05T18:47:39.012-0900][gc,metaspace] GC(16) Metaspace: 41812K(43084K)->41812K(43084K) NonClass: 36980K(37888K)->36980K(37888K) Class: 4832K(5196K)->4832K(5196K)
[2021-08-05T18:47:39.012-0900][gc          ] GC(16) Pause Young (Normal) (G1 Evacuation Pause) 298M->187M(1024M) 14.192ms
[2021-08-05T18:47:39.012-0900][gc,cpu      ] GC(16) User=0.10s Sys=0.01s Real=0.02s
[2021-08-05T18:59:19.237-0900][gc,start    ] GC(17) Pause Young (Normal) (G1 Evacuation Pause)
[2021-08-05T18:59:19.238-0900][gc,task     ] GC(17) Using 10 workers of 10 for evacuation
[2021-08-05T18:59:19.246-0900][gc,phases   ] GC(17)   Pre Evacuate Collection Set: 0.2ms
[2021-08-05T18:59:19.246-0900][gc,phases   ] GC(17)   Merge Heap Roots: 0.2ms
[2021-08-05T18:59:19.246-0900][gc,phases   ] GC(17)   Evacuate Collection Set: 6.3ms
[2021-08-05T18:59:19.246-0900][gc,phases   ] GC(17)   Post Evacuate Collection Set: 0.4ms
[2021-08-05T18:59:19.246-0900][gc,phases   ] GC(17)   Other: 1.3ms
[2021-08-05T18:59:19.246-0900][gc,heap     ] GC(17) Eden regions: 185->0(606)
[2021-08-05T18:59:19.246-0900][gc,heap     ] GC(17) Survivor regions: 9->8(25)
[2021-08-05T18:59:19.246-0900][gc,heap     ] GC(17) Old regions: 50->50
[2021-08-05T18:59:19.246-0900][gc,heap     ] GC(17) Archive regions: 2->2
[2021-08-05T18:59:19.246-0900][gc,heap     ] GC(17) Humongous regions: 129->129
[2021-08-05T18:59:19.246-0900][gc,metaspace] GC(17) Metaspace: 41838K(43084K)->41838K(43084K) NonClass: 37006K(37888K)->37006K(37888K) Class: 4832K(5196K)->4832K(5196K)
[2021-08-05T18:59:19.246-0900][gc          ] GC(17) Pause Young (Normal) (G1 Evacuation Pause) 372M->187M(1024M) 8.542ms
[2021-08-05T18:59:19.246-0900][gc,cpu      ] GC(17) User=0.05s Sys=0.01s Real=0.01s
[2021-08-05T19:36:52.911-0900][gc,start    ] GC(18) Pause Young (Normal) (G1 Evacuation Pause)
[2021-08-05T19:36:52.912-0900][gc,task     ] GC(18) Using 10 workers of 10 for evacuation
[2021-08-05T19:36:52.918-0900][gc,phases   ] GC(18)   Pre Evacuate Collection Set: 0.2ms
[2021-08-05T19:36:52.918-0900][gc,phases   ] GC(18)   Merge Heap Roots: 0.1ms
[2021-08-05T19:36:52.918-0900][gc,phases   ] GC(18)   Evacuate Collection Set: 4.6ms
[2021-08-05T19:36:52.918-0900][gc,phases   ] GC(18)   Post Evacuate Collection Set: 0.8ms
[2021-08-05T19:36:52.918-0900][gc,phases   ] GC(18)   Other: 1.2ms
[2021-08-05T19:36:52.918-0900][gc,heap     ] GC(18) Eden regions: 606->0(607)
[2021-08-05T19:36:52.918-0900][gc,heap     ] GC(18) Survivor regions: 8->7(77)
[2021-08-05T19:36:52.918-0900][gc,heap     ] GC(18) Old regions: 50->50
[2021-08-05T19:36:52.918-0900][gc,heap     ] GC(18) Archive regions: 2->2
[2021-08-05T19:36:52.918-0900][gc,heap     ] GC(18) Humongous regions: 129->129
[2021-08-05T19:36:52.918-0900][gc,metaspace] GC(18) Metaspace: 41970K(43084K)->41970K(43084K) NonClass: 37138K(37888K)->37138K(37888K) Class: 4832K(5196K)->4832K(5196K)
[2021-08-05T19:36:52.918-0900][gc          ] GC(18) Pause Young (Normal) (G1 Evacuation Pause) 793M->185M(1024M) 7.108ms
[2021-08-05T19:36:52.919-0900][gc,cpu      ] GC(18) User=0.04s Sys=0.01s Real=0.00s
[2021-08-05T22:24:09.267-0900][gc,start    ] GC(19) Pause Young (Normal) (G1 Evacuation Pause)
[2021-08-05T22:24:09.268-0900][gc,task     ] GC(19) Using 10 workers of 10 for evacuation
[2021-08-05T22:24:09.285-0900][gc,phases   ] GC(19)   Pre Evacuate Collection Set: 0.3ms
[2021-08-05T22:24:09.285-0900][gc,phases   ] GC(19)   Merge Heap Roots: 0.3ms
[2021-08-05T22:24:09.285-0900][gc,phases   ] GC(19)   Evacuate Collection Set: 14.8ms
[2021-08-05T22:24:09.285-0900][gc,phases   ] GC(19)   Post Evacuate Collection Set: 0.6ms
[2021-08-05T22:24:09.285-0900][gc,phases   ] GC(19)   Other: 1.8ms
[2021-08-05T22:24:09.285-0900][gc,heap     ] GC(19) Eden regions: 607->0(607)
[2021-08-05T22:24:09.285-0900][gc,heap     ] GC(19) Survivor regions: 7->7(77)
[2021-08-05T22:24:09.285-0900][gc,heap     ] GC(19) Old regions: 50->50
[2021-08-05T22:24:09.285-0900][gc,heap     ] GC(19) Archive regions: 2->2
[2021-08-05T22:24:09.285-0900][gc,heap     ] GC(19) Humongous regions: 129->129
[2021-08-05T22:24:09.285-0900][gc,metaspace] GC(19) Metaspace: 42120K(43340K)->42120K(43340K) NonClass: 37282K(38144K)->37282K(38144K) Class: 4837K(5196K)->4837K(5196K)
[2021-08-05T22:24:09.285-0900][gc          ] GC(19) Pause Young (Normal) (G1 Evacuation Pause) 792M->186M(1024M) 18.036ms
[2021-08-05T22:24:09.285-0900][gc,cpu      ] GC(19) User=0.04s Sys=0.08s Real=0.02s
[2021-08-05T23:04:27.107-0900][gc,start    ] GC(20) Pause Young (Normal) (G1 Evacuation Pause)
[2021-08-05T23:04:27.108-0900][gc,task     ] GC(20) Using 10 workers of 10 for evacuation
[2021-08-05T23:04:27.114-0900][gc,phases   ] GC(20)   Pre Evacuate Collection Set: 0.3ms
[2021-08-05T23:04:27.114-0900][gc,phases   ] GC(20)   Merge Heap Roots: 0.2ms
[2021-08-05T23:04:27.114-0900][gc,phases   ] GC(20)   Evacuate Collection Set: 5.5ms
[2021-08-05T23:04:27.114-0900][gc,phases   ] GC(20)   Post Evacuate Collection Set: 0.6ms
[2021-08-05T23:04:27.114-0900][gc,phases   ] GC(20)   Other: 0.6ms
[2021-08-05T23:04:27.114-0900][gc,heap     ] GC(20) Eden regions: 607->0(605)
[2021-08-05T23:04:27.115-0900][gc,heap     ] GC(20) Survivor regions: 7->9(77)
[2021-08-05T23:04:27.115-0900][gc,heap     ] GC(20) Old regions: 50->50
[2021-08-05T23:04:27.115-0900][gc,heap     ] GC(20) Archive regions: 2->2
[2021-08-05T23:04:27.115-0900][gc,heap     ] GC(20) Humongous regions: 129->129
[2021-08-05T23:04:27.115-0900][gc,metaspace] GC(20) Metaspace: 43322K(44364K)->43322K(44364K) NonClass: 38221K(38912K)->38221K(38912K) Class: 5101K(5452K)->5101K(5452K)
[2021-08-05T23:04:27.115-0900][gc          ] GC(20) Pause Young (Normal) (G1 Evacuation Pause) 793M->187M(1024M) 7.340ms
[2021-08-05T23:04:27.115-0900][gc,cpu      ] GC(20) User=0.06s Sys=0.00s Real=0.01s
[2021-08-05T23:37:47.403-0900][gc,start    ] GC(21) Pause Young (Normal) (G1 Evacuation Pause)
[2021-08-05T23:37:47.404-0900][gc,task     ] GC(21) Using 10 workers of 10 for evacuation
[2021-08-05T23:37:47.412-0900][gc,phases   ] GC(21)   Pre Evacuate Collection Set: 0.3ms
[2021-08-05T23:37:47.412-0900][gc,phases   ] GC(21)   Merge Heap Roots: 0.2ms
[2021-08-05T23:37:47.412-0900][gc,phases   ] GC(21)   Evacuate Collection Set: 6.4ms
[2021-08-05T23:37:47.412-0900][gc,phases   ] GC(21)   Post Evacuate Collection Set: 0.8ms
[2021-08-05T23:37:47.412-0900][gc,phases   ] GC(21)   Other: 1.2ms
[2021-08-05T23:37:47.412-0900][gc,heap     ] GC(21) Eden regions: 605->0(606)
[2021-08-05T23:37:47.412-0900][gc,heap     ] GC(21) Survivor regions: 9->8(77)
[2021-08-05T23:37:47.412-0900][gc,heap     ] GC(21) Old regions: 50->50
[2021-08-05T23:37:47.412-0900][gc,heap     ] GC(21) Archive regions: 2->2
[2021-08-05T23:37:47.412-0900][gc,heap     ] GC(21) Humongous regions: 129->129
[2021-08-05T23:37:47.412-0900][gc,metaspace] GC(21) Metaspace: 43465K(44620K)->43465K(44620K) NonClass: 38364K(39168K)->38364K(39168K) Class: 5101K(5452K)->5101K(5452K)
[2021-08-05T23:37:47.412-0900][gc          ] GC(21) Pause Young (Normal) (G1 Evacuation Pause) 792M->187M(1024M) 9.109ms
[2021-08-05T23:37:47.413-0900][gc,cpu      ] GC(21) User=0.06s Sys=0.01s Real=0.01s
[2021-08-06T10:04:30.145-0900][gc,start    ] GC(22) Pause Young (Normal) (G1 Evacuation Pause)
[2021-08-06T10:04:30.147-0900][gc,task     ] GC(22) Using 10 workers of 10 for evacuation
[2021-08-06T10:04:30.175-0900][gc,mmu      ] GC(22) MMU target violated: 21.0ms (20.0ms/21.0ms)
[2021-08-06T10:04:30.175-0900][gc,phases   ] GC(22)   Pre Evacuate Collection Set: 0.3ms
[2021-08-06T10:04:30.175-0900][gc,phases   ] GC(22)   Merge Heap Roots: 0.3ms
[2021-08-06T10:04:30.175-0900][gc,phases   ] GC(22)   Evacuate Collection Set: 25.7ms
[2021-08-06T10:04:30.175-0900][gc,phases   ] GC(22)   Post Evacuate Collection Set: 0.9ms
[2021-08-06T10:04:30.175-0900][gc,phases   ] GC(22)   Other: 2.4ms
[2021-08-06T10:04:30.175-0900][gc,heap     ] GC(22) Eden regions: 606->0(153)
[2021-08-06T10:04:30.175-0900][gc,heap     ] GC(22) Survivor regions: 8->8(77)
[2021-08-06T10:04:30.175-0900][gc,heap     ] GC(22) Old regions: 50->50
[2021-08-06T10:04:30.175-0900][gc,heap     ] GC(22) Archive regions: 2->2
[2021-08-06T10:04:30.175-0900][gc,heap     ] GC(22) Humongous regions: 129->129
[2021-08-06T10:04:30.175-0900][gc,metaspace] GC(22) Metaspace: 43520K(44620K)->43520K(44620K) NonClass: 38418K(39168K)->38418K(39168K) Class: 5101K(5452K)->5101K(5452K)
[2021-08-06T10:04:30.175-0900][gc          ] GC(22) Pause Young (Normal) (G1 Evacuation Pause) 793M->187M(1024M) 29.712ms
[2021-08-06T10:04:30.175-0900][gc,cpu      ] GC(22) User=0.06s Sys=0.13s Real=0.03s
[2021-08-06T11:47:04.777-0900][gc,start    ] GC(23) Pause Young (Normal) (G1 Evacuation Pause)
[2021-08-06T11:47:04.778-0900][gc,task     ] GC(23) Using 10 workers of 10 for evacuation
[2021-08-06T11:47:04.793-0900][gc,phases   ] GC(23)   Pre Evacuate Collection Set: 1.4ms
[2021-08-06T11:47:04.793-0900][gc,phases   ] GC(23)   Merge Heap Roots: 0.2ms
[2021-08-06T11:47:04.793-0900][gc,phases   ] GC(23)   Evacuate Collection Set: 13.2ms
[2021-08-06T11:47:04.793-0900][gc,phases   ] GC(23)   Post Evacuate Collection Set: 0.8ms
[2021-08-06T11:47:04.794-0900][gc,phases   ] GC(23)   Other: 0.7ms
[2021-08-06T11:47:04.794-0900][gc,heap     ] GC(23) Eden regions: 153->0(160)
[2021-08-06T11:47:04.794-0900][gc,heap     ] GC(23) Survivor regions: 8->8(21)
[2021-08-06T11:47:04.794-0900][gc,heap     ] GC(23) Old regions: 50->50
[2021-08-06T11:47:04.794-0900][gc,heap     ] GC(23) Archive regions: 2->2
[2021-08-06T11:47:04.794-0900][gc,heap     ] GC(23) Humongous regions: 129->129
[2021-08-06T11:47:04.794-0900][gc,metaspace] GC(23) Metaspace: 43531K(44620K)->43531K(44620K) NonClass: 38429K(39168K)->38429K(39168K) Class: 5102K(5452K)->5102K(5452K)
[2021-08-06T11:47:04.794-0900][gc          ] GC(23) Pause Young (Normal) (G1 Evacuation Pause) 340M->187M(1024M) 16.441ms
[2021-08-06T11:47:04.794-0900][gc,cpu      ] GC(23) User=0.04s Sys=0.07s Real=0.02s
[2021-08-06T13:35:12.682-0900][gc,start    ] GC(24) Pause Young (Normal) (G1 Evacuation Pause)
[2021-08-06T13:35:12.684-0900][gc,task     ] GC(24) Using 10 workers of 10 for evacuation
[2021-08-06T13:35:12.702-0900][gc,phases   ] GC(24)   Pre Evacuate Collection Set: 0.6ms
[2021-08-06T13:35:12.702-0900][gc,phases   ] GC(24)   Merge Heap Roots: 0.3ms
[2021-08-06T13:35:12.702-0900][gc,phases   ] GC(24)   Evacuate Collection Set: 16.5ms
[2021-08-06T13:35:12.702-0900][gc,phases   ] GC(24)   Post Evacuate Collection Set: 0.8ms
[2021-08-06T13:35:12.702-0900][gc,phases   ] GC(24)   Other: 1.6ms
[2021-08-06T13:35:12.702-0900][gc,heap     ] GC(24) Eden regions: 160->0(266)
[2021-08-06T13:35:12.702-0900][gc,heap     ] GC(24) Survivor regions: 8->8(21)
[2021-08-06T13:35:12.702-0900][gc,heap     ] GC(24) Old regions: 50->50
[2021-08-06T13:35:12.702-0900][gc,heap     ] GC(24) Archive regions: 2->2
[2021-08-06T13:35:12.702-0900][gc,heap     ] GC(24) Humongous regions: 129->129
[2021-08-06T13:35:12.702-0900][gc,metaspace] GC(24) Metaspace: 43533K(44620K)->43533K(44620K) NonClass: 38430K(39168K)->38430K(39168K) Class: 5102K(5452K)->5102K(5452K)
[2021-08-06T13:35:12.702-0900][gc          ] GC(24) Pause Young (Normal) (G1 Evacuation Pause) 347M->187M(1024M) 19.906ms
[2021-08-06T13:35:12.702-0900][gc,cpu      ] GC(24) User=0.05s Sys=0.09s Real=0.02s
[2021-08-06T15:24:56.076-0900][gc,heap,exit] Heap
[2021-08-06T15:24:56.076-0900][gc,heap,exit]  garbage-first heap   total 1048576K, used 372141K [0x00000007c0000000, 0x0000000800000000)
[2021-08-06T15:24:56.076-0900][gc,heap,exit]   region size 1024K, 186 young (190464K), 8 survivors (8192K)
[2021-08-06T15:24:56.076-0900][gc,heap,exit]  Metaspace       used 44213K, capacity 44906K, committed 45516K, reserved 1089536K
[2021-08-06T15:24:56.077-0900][gc,heap,exit]   class space    used 5249K, capacity 5506K, committed 5580K, reserved 1048576K
