[2021-08-04T18:14:34.384-0900][gc] Using G1
[2021-08-04T18:14:34.388-0900][gc,init] Version: 15.0.2+7 (release)
[2021-08-04T18:14:34.388-0900][gc,init] CPUs: 12 total, 12 available
[2021-08-04T18:14:34.388-0900][gc,init] Memory: 16384M
[2021-08-04T18:14:34.388-0900][gc,init] Large Page Support: Disabled
[2021-08-04T18:14:34.388-0900][gc,init] NUMA Support: Disabled
[2021-08-04T18:14:34.388-0900][gc,init] Compressed Oops: Enabled (Zero based)
[2021-08-04T18:14:34.388-0900][gc,init] Heap Region Size: 1M
[2021-08-04T18:14:34.388-0900][gc,init] Heap Min Capacity: 512M
[2021-08-04T18:14:34.388-0900][gc,init] Heap Initial Capacity: 512M
[2021-08-04T18:14:34.388-0900][gc,init] Heap Max Capacity: 512M
[2021-08-04T18:14:34.388-0900][gc,init] Pre-touch: Disabled
[2021-08-04T18:14:34.388-0900][gc,init] Parallel Workers: 10
[2021-08-04T18:14:34.388-0900][gc,init] Concurrent Workers: 3
[2021-08-04T18:14:34.388-0900][gc,init] Concurrent Refinement Workers: 10
[2021-08-04T18:14:34.388-0900][gc,init] Periodic GC: Disabled
[2021-08-04T18:14:34.389-0900][gc,cds ] Mark closed archive regions in map: [0x00000007fff00000, 0x00000007fff78ff8]
[2021-08-04T18:14:34.389-0900][gc,cds ] Mark open archive regions in map: [0x00000007ffe00000, 0x00000007ffe50ff8]
[2021-08-04T18:14:34.389-0900][gc,metaspace] CDS archive(s) mapped at: [0x0000000800000000-0x0000000800b2f000-0x0000000800b2f000), size 11726848, SharedBaseAddress: 0x0000000800000000, ArchiveRelocationMode: 0.
[2021-08-04T18:14:34.389-0900][gc,metaspace] Compressed class space mapped at: 0x0000000800b30000-0x0000000840b30000, size: 1073741824
[2021-08-04T18:14:34.389-0900][gc,metaspace] Narrow klass base: 0x0000000800000000, Narrow klass shift: 3, Narrow klass range: 0x100000000
[2021-08-04T18:16:02.682-0900][gc,start    ] GC(0) Pause Young (Normal) (G1 Evacuation Pause)
[2021-08-04T18:16:02.683-0900][gc,task     ] GC(0) Using 10 workers of 10 for evacuation
[2021-08-04T18:16:02.688-0900][gc,phases   ] GC(0)   Pre Evacuate Collection Set: 0.1ms
[2021-08-04T18:16:02.688-0900][gc,phases   ] GC(0)   Merge Heap Roots: 0.1ms
[2021-08-04T18:16:02.688-0900][gc,phases   ] GC(0)   Evacuate Collection Set: 4.3ms
[2021-08-04T18:16:02.689-0900][gc,phases   ] GC(0)   Post Evacuate Collection Set: 0.4ms
[2021-08-04T18:16:02.689-0900][gc,phases   ] GC(0)   Other: 0.9ms
[2021-08-04T18:16:02.689-0900][gc,heap     ] GC(0) Eden regions: 25->0(21)
[2021-08-04T18:16:02.689-0900][gc,heap     ] GC(0) Survivor regions: 0->4(4)
[2021-08-04T18:16:02.689-0900][gc,heap     ] GC(0) Old regions: 0->2
[2021-08-04T18:16:02.689-0900][gc,heap     ] GC(0) Archive regions: 2->2
[2021-08-04T18:16:02.689-0900][gc,heap     ] GC(0) Humongous regions: 0->0
[2021-08-04T18:16:02.689-0900][gc,metaspace] GC(0) Metaspace: 7401K(7808K)->7401K(7808K) NonClass: 6561K(6912K)->6561K(6912K) Class: 840K(896K)->840K(896K)
[2021-08-04T18:16:02.689-0900][gc          ] GC(0) Pause Young (Normal) (G1 Evacuation Pause) 25M->6M(512M) 6.711ms
[2021-08-04T18:16:02.689-0900][gc,cpu      ] GC(0) User=0.03s Sys=0.01s Real=0.00s
[2021-08-05T02:05:18.902-0900][gc,start    ] GC(1) Pause Young (Normal) (G1 Evacuation Pause)
[2021-08-05T02:05:18.903-0900][gc,task     ] GC(1) Using 10 workers of 10 for evacuation
[2021-08-05T02:05:18.925-0900][gc,mmu      ] GC(1) MMU target violated: 21.0ms (20.0ms/21.0ms)
[2021-08-05T02:05:18.925-0900][gc,phases   ] GC(1)   Pre Evacuate Collection Set: 2.5ms
[2021-08-05T02:05:18.925-0900][gc,phases   ] GC(1)   Merge Heap Roots: 0.3ms
[2021-08-05T02:05:18.925-0900][gc,phases   ] GC(1)   Evacuate Collection Set: 18.2ms
[2021-08-05T02:05:18.925-0900][gc,phases   ] GC(1)   Post Evacuate Collection Set: 0.6ms
[2021-08-05T02:05:18.925-0900][gc,phases   ] GC(1)   Other: 1.7ms
[2021-08-05T02:05:18.925-0900][gc,heap     ] GC(1) Eden regions: 21->0(24)
[2021-08-05T02:05:18.925-0900][gc,heap     ] GC(1) Survivor regions: 4->1(4)
[2021-08-05T02:05:18.925-0900][gc,heap     ] GC(1) Old regions: 2->6
[2021-08-05T02:05:18.925-0900][gc,heap     ] GC(1) Archive regions: 2->2
[2021-08-05T02:05:18.925-0900][gc,heap     ] GC(1) Humongous regions: 0->0
[2021-08-05T02:05:18.925-0900][gc,metaspace] GC(1) Metaspace: 8055K(8320K)->8055K(8320K) NonClass: 7198K(7424K)->7198K(7424K) Class: 856K(896K)->856K(896K)
[2021-08-05T02:05:18.925-0900][gc          ] GC(1) Pause Young (Normal) (G1 Evacuation Pause) 27M->6M(512M) 23.251ms
[2021-08-05T02:05:18.925-0900][gc,cpu      ] GC(1) User=0.03s Sys=0.10s Real=0.02s
[2021-08-05T16:15:35.999-0900][gc,start    ] GC(2) Pause Young (Normal) (G1 Evacuation Pause)
[2021-08-05T16:15:36.000-0900][gc,task     ] GC(2) Using 10 workers of 10 for evacuation
[2021-08-05T16:15:36.010-0900][gc,phases   ] GC(2)   Pre Evacuate Collection Set: 2.0ms
[2021-08-05T16:15:36.010-0900][gc,phases   ] GC(2)   Merge Heap Roots: 0.3ms
[2021-08-05T16:15:36.010-0900][gc,phases   ] GC(2)   Evacuate Collection Set: 7.0ms
[2021-08-05T16:15:36.010-0900][gc,phases   ] GC(2)   Post Evacuate Collection Set: 0.4ms
[2021-08-05T16:15:36.010-0900][gc,phases   ] GC(2)   Other: 1.7ms
[2021-08-05T16:15:36.010-0900][gc,heap     ] GC(2) Eden regions: 24->0(24)
[2021-08-05T16:15:36.010-0900][gc,heap     ] GC(2) Survivor regions: 1->1(4)
[2021-08-05T16:15:36.010-0900][gc,heap     ] GC(2) Old regions: 6->6
[2021-08-05T16:15:36.010-0900][gc,heap     ] GC(2) Archive regions: 2->2
[2021-08-05T16:15:36.010-0900][gc,heap     ] GC(2) Humongous regions: 0->0
[2021-08-05T16:15:36.010-0900][gc,metaspace] GC(2) Metaspace: 8096K(8320K)->8096K(8320K) NonClass: 7239K(7424K)->7239K(7424K) Class: 856K(896K)->856K(896K)
[2021-08-05T16:15:36.010-0900][gc          ] GC(2) Pause Young (Normal) (G1 Evacuation Pause) 30M->6M(512M) 11.493ms
[2021-08-05T16:15:36.010-0900][gc,cpu      ] GC(2) User=0.01s Sys=0.04s Real=0.02s
[2021-08-05T17:38:03.683-0900][gc,heap,exit] Heap
[2021-08-05T17:38:03.684-0900][gc,heap,exit]  garbage-first heap   total 524288K, used 10923K [0x00000007e0000000, 0x0000000800000000)
[2021-08-05T17:38:03.684-0900][gc,heap,exit]   region size 1024K, 6 young (6144K), 1 survivors (1024K)
[2021-08-05T17:38:03.684-0900][gc,heap,exit]  Metaspace       used 8106K, capacity 8269K, committed 8320K, reserved 1056768K
[2021-08-05T17:38:03.684-0900][gc,heap,exit]   class space    used 857K, capacity 894K, committed 896K, reserved 1048576K
