[2021-08-05T17:41:21.253-0900][gc] Using G1
[2021-08-05T17:41:21.257-0900][gc,init] Version: 15.0.2+7 (release)
[2021-08-05T17:41:21.257-0900][gc,init] CPUs: 12 total, 12 available
[2021-08-05T17:41:21.257-0900][gc,init] Memory: 16384M
[2021-08-05T17:41:21.257-0900][gc,init] Large Page Support: Disabled
[2021-08-05T17:41:21.257-0900][gc,init] NUMA Support: Disabled
[2021-08-05T17:41:21.257-0900][gc,init] Compressed Oops: Enabled (Zero based)
[2021-08-05T17:41:21.257-0900][gc,init] Heap Region Size: 1M
[2021-08-05T17:41:21.257-0900][gc,init] Heap Min Capacity: 512M
[2021-08-05T17:41:21.257-0900][gc,init] Heap Initial Capacity: 512M
[2021-08-05T17:41:21.257-0900][gc,init] Heap Max Capacity: 512M
[2021-08-05T17:41:21.257-0900][gc,init] Pre-touch: Disabled
[2021-08-05T17:41:21.257-0900][gc,init] Parallel Workers: 10
[2021-08-05T17:41:21.257-0900][gc,init] Concurrent Workers: 3
[2021-08-05T17:41:21.257-0900][gc,init] Concurrent Refinement Workers: 10
[2021-08-05T17:41:21.257-0900][gc,init] Periodic GC: Disabled
[2021-08-05T17:41:21.257-0900][gc,cds ] Mark closed archive regions in map: [0x00000007fff00000, 0x00000007fff78ff8]
[2021-08-05T17:41:21.257-0900][gc,cds ] Mark open archive regions in map: [0x00000007ffe00000, 0x00000007ffe50ff8]
[2021-08-05T17:41:21.257-0900][gc,metaspace] CDS archive(s) mapped at: [0x0000000800000000-0x0000000800b2f000-0x0000000800b2f000), size 11726848, SharedBaseAddress: 0x0000000800000000, ArchiveRelocationMode: 0.
[2021-08-05T17:41:21.257-0900][gc,metaspace] Compressed class space mapped at: 0x0000000800b30000-0x0000000840b30000, size: 1073741824
[2021-08-05T17:41:21.257-0900][gc,metaspace] Narrow klass base: 0x0000000800000000, Narrow klass shift: 3, Narrow klass range: 0x100000000
[2021-08-05T17:41:46.258-0900][gc,start    ] GC(0) Pause Young (Normal) (G1 Evacuation Pause)
[2021-08-05T17:41:46.260-0900][gc,task     ] GC(0) Using 10 workers of 10 for evacuation
[2021-08-05T17:41:46.266-0900][gc,phases   ] GC(0)   Pre Evacuate Collection Set: 0.2ms
[2021-08-05T17:41:46.266-0900][gc,phases   ] GC(0)   Merge Heap Roots: 0.1ms
[2021-08-05T17:41:46.266-0900][gc,phases   ] GC(0)   Evacuate Collection Set: 5.0ms
[2021-08-05T17:41:46.266-0900][gc,phases   ] GC(0)   Post Evacuate Collection Set: 0.5ms
[2021-08-05T17:41:46.266-0900][gc,phases   ] GC(0)   Other: 1.4ms
[2021-08-05T17:41:46.266-0900][gc,heap     ] GC(0) Eden regions: 25->0(21)
[2021-08-05T17:41:46.266-0900][gc,heap     ] GC(0) Survivor regions: 0->4(4)
[2021-08-05T17:41:46.266-0900][gc,heap     ] GC(0) Old regions: 0->2
[2021-08-05T17:41:46.266-0900][gc,heap     ] GC(0) Archive regions: 2->2
[2021-08-05T17:41:46.266-0900][gc,heap     ] GC(0) Humongous regions: 0->0
[2021-08-05T17:41:46.266-0900][gc,metaspace] GC(0) Metaspace: 7478K(7808K)->7478K(7808K) NonClass: 6646K(6912K)->6646K(6912K) Class: 832K(896K)->832K(896K)
[2021-08-05T17:41:46.266-0900][gc          ] GC(0) Pause Young (Normal) (G1 Evacuation Pause) 25M->6M(512M) 7.361ms
[2021-08-05T17:41:46.266-0900][gc,cpu      ] GC(0) User=0.03s Sys=0.02s Real=0.01s
[2021-08-06T02:55:16.955-0900][gc,start    ] GC(1) Pause Young (Normal) (G1 Evacuation Pause)
[2021-08-06T02:55:16.956-0900][gc,task     ] GC(1) Using 10 workers of 10 for evacuation
[2021-08-06T02:55:16.973-0900][gc,phases   ] GC(1)   Pre Evacuate Collection Set: 2.6ms
[2021-08-06T02:55:16.973-0900][gc,phases   ] GC(1)   Merge Heap Roots: 0.3ms
[2021-08-06T02:55:16.973-0900][gc,phases   ] GC(1)   Evacuate Collection Set: 12.8ms
[2021-08-06T02:55:16.973-0900][gc,phases   ] GC(1)   Post Evacuate Collection Set: 0.5ms
[2021-08-06T02:55:16.973-0900][gc,phases   ] GC(1)   Other: 1.5ms
[2021-08-06T02:55:16.973-0900][gc,heap     ] GC(1) Eden regions: 21->0(24)
[2021-08-06T02:55:16.973-0900][gc,heap     ] GC(1) Survivor regions: 4->1(4)
[2021-08-06T02:55:16.973-0900][gc,heap     ] GC(1) Old regions: 2->6
[2021-08-06T02:55:16.973-0900][gc,heap     ] GC(1) Archive regions: 2->2
[2021-08-06T02:55:16.973-0900][gc,heap     ] GC(1) Humongous regions: 0->0
[2021-08-06T02:55:16.973-0900][gc,metaspace] GC(1) Metaspace: 8102K(8320K)->8102K(8320K) NonClass: 7243K(7424K)->7243K(7424K) Class: 859K(896K)->859K(896K)
[2021-08-06T02:55:16.973-0900][gc          ] GC(1) Pause Young (Normal) (G1 Evacuation Pause) 27M->6M(512M) 17.896ms
[2021-08-06T02:55:16.973-0900][gc,cpu      ] GC(1) User=0.02s Sys=0.07s Real=0.02s
[2021-08-06T15:22:20.126-0900][gc,heap,exit] Heap
[2021-08-06T15:22:20.127-0900][gc,heap,exit]  garbage-first heap   total 524288K, used 28530K [0x00000007e0000000, 0x0000000800000000)
[2021-08-06T15:22:20.127-0900][gc,heap,exit]   region size 1024K, 23 young (23552K), 1 survivors (1024K)
[2021-08-06T15:22:20.127-0900][gc,heap,exit]  Metaspace       used 8109K, capacity 8257K, committed 8320K, reserved 1056768K
[2021-08-06T15:22:20.127-0900][gc,heap,exit]   class space    used 859K, capacity 894K, committed 896K, reserved 1048576K
